Component: ARM Compiler 5.06 update 1 (build 61) Tool: armlink [4d35a8]

==============================================================================

Section Cross References

    startup_stm32f103xb.o(RESET) refers to startup_stm32f103xb.o(STACK) for __initial_sp
    startup_stm32f103xb.o(RESET) refers to startup_stm32f103xb.o(.text) for Reset_Handler
    startup_stm32f103xb.o(RESET) refers to stm32f1xx_it.o(i.SysTick_Handler) for SysTick_Handler
    startup_stm32f103xb.o(RESET) refers to stm32f1xx_it.o(i.DMA1_Channel1_IRQHandler) for DMA1_Channel1_IRQHandler
    startup_stm32f103xb.o(RESET) refers to stm32f1xx_it.o(i.USART1_IRQHandler) for USART1_IRQHandler
    startup_stm32f103xb.o(.text) refers to system_stm32f1xx.o(i.SystemInit) for SystemInit
    startup_stm32f103xb.o(.text) refers to entry.o(.ARM.Collect$$$$00000000) for __main
    fonts.o(i.FONTS_GetStringSize) refers to strlen.o(.text) for strlen
    fonts.o(.data) refers to fonts.o(.constdata) for Font8x7
    gui.o(i.gui_create_list) refers to malloc.o(i.malloc) for malloc
    gui.o(i.gui_create_listItem) refers to malloc.o(i.malloc) for malloc
    gui.o(i.gui_draw) refers to gui.o(i.gui_draw_message) for gui_draw_message
    gui.o(i.gui_draw) refers to gui.o(i.gui_upd_display) for gui_upd_display
    gui.o(i.gui_draw) refers to gui.o(i.gui_draw_list) for gui_draw_list
    gui.o(i.gui_draw) refers to gui.o(.data) for .data
    gui.o(i.gui_draw_list) refers to ssd1306.o(i.SSD1306_DrawFilledRectangle) for SSD1306_DrawFilledRectangle
    gui.o(i.gui_draw_list) refers to ssd1306.o(i.SSD1306_DrawRectangle) for SSD1306_DrawRectangle
    gui.o(i.gui_draw_list) refers to gui.o(i.gui_text) for gui_text
    gui.o(i.gui_draw_list) refers to gui.o(i.gui_lable) for gui_lable
    gui.o(i.gui_draw_list) refers to ssd1306.o(i.SSD1306_DrawLine) for SSD1306_DrawLine
    gui.o(i.gui_draw_list) refers to gui.o(.data) for .data
    gui.o(i.gui_draw_list) refers to fonts.o(.data) for Font_8x7
    gui.o(i.gui_draw_message) refers to ssd1306.o(i.SSD1306_DrawRectangle) for SSD1306_DrawRectangle
    gui.o(i.gui_draw_message) refers to gui.o(i.gui_lable_multiline) for gui_lable_multiline
    gui.o(i.gui_draw_message) refers to gui.o(.data) for .data
    gui.o(i.gui_init) refers to ssd1306.o(i.SSD1306_Init) for SSD1306_Init
    gui.o(i.gui_init) refers to gui.o(.data) for .data
    gui.o(i.gui_input) refers to gui.o(i.gui_input_message) for gui_input_message
    gui.o(i.gui_input) refers to gui.o(i.gui_input_list) for gui_input_list
    gui.o(i.gui_input) refers to gui.o(.data) for .data
    gui.o(i.gui_input_list) refers to gui.o(.data) for .data
    gui.o(i.gui_input_message) refers to gui.o(.data) for .data
    gui.o(i.gui_lable) refers to ssd1306.o(i.SSD1306_DrawFilledRectangle) for SSD1306_DrawFilledRectangle
    gui.o(i.gui_lable) refers to ssd1306.o(i.SSD1306_DrawRectangle) for SSD1306_DrawRectangle
    gui.o(i.gui_lable) refers to ssd1306.o(i.SSD1306_GotoXY) for SSD1306_GotoXY
    gui.o(i.gui_lable) refers to ssd1306.o(i.SSD1306_Putc) for SSD1306_Putc
    gui.o(i.gui_lable) refers to fonts.o(.data) for Font_8x7
    gui.o(i.gui_lable_multiline) refers to ssd1306.o(i.SSD1306_DrawFilledRectangle) for SSD1306_DrawFilledRectangle
    gui.o(i.gui_lable_multiline) refers to ssd1306.o(i.SSD1306_GotoXY) for SSD1306_GotoXY
    gui.o(i.gui_lable_multiline) refers to ssd1306.o(i.SSD1306_Putc) for SSD1306_Putc
    gui.o(i.gui_lable_multiline) refers to ssd1306.o(i.SSD1306_DrawRectangle) for SSD1306_DrawRectangle
    gui.o(i.gui_lable_multiline) refers to fonts.o(.data) for Font_8x7
    gui.o(i.gui_removeTicker) refers to malloc.o(i.free) for free
    gui.o(i.gui_remove_list) refers to malloc.o(i.free) for free
    gui.o(i.gui_remove_list) refers to gui.o(i.gui_remove_listItem) for gui_remove_listItem
    gui.o(i.gui_remove_listItem) refers to malloc.o(i.free) for free
    gui.o(i.gui_set_curList) refers to gui.o(.data) for .data
    gui.o(i.gui_set_cur_app) refers to gui.o(.data) for .data
    gui.o(i.gui_showMessage) refers to malloc.o(i.free) for free
    gui.o(i.gui_showMessage) refers to gui.o(.data) for .data
    gui.o(i.gui_text) refers to ssd1306.o(i.SSD1306_GotoXY) for SSD1306_GotoXY
    gui.o(i.gui_text) refers to ssd1306.o(i.SSD1306_Puts) for SSD1306_Puts
    gui.o(i.gui_text) refers to fonts.o(.data) for Font_8x7
    gui.o(i.gui_ticker) refers to stm32f1xx_hal.o(i.HAL_GetTick) for HAL_GetTick
    gui.o(i.gui_ticker) refers to gui.o(i.gui_lable) for gui_lable
    gui.o(i.gui_ticker) refers to fonts.o(.data) for Font_8x7
    gui.o(i.gui_ticker_create) refers to malloc.o(i.malloc) for malloc
    gui.o(i.gui_upd_display) refers to ssd1306.o(i.SSD1306_UpdateScreen) for SSD1306_UpdateScreen
    gui.o(i.gui_upd_display) refers to ssd1306.o(i.SSD1306_Fill) for SSD1306_Fill
    keyboard.o(i.keyboard_adc_to_lvl) refers to keyboard.o(.data) for .data
    keyboard.o(i.keyboard_handle) refers to keyboard.o(.data) for .data
[...]
    ..\\OLED\\Src\\fonts.c                   0x00000000   Number         0  fonts.o ABSOLUTE
    ..\\OLED\\Src\\gui.c                     0x00000000   Number         0  gui.o ABSOLUTE
    ..\\OLED\\Src\\keyboard.c                0x00000000   Number         0  keyboard.o ABSOLUTE
    ..\\OLED\\Src\\ssd1306.c                 0x00000000   Number         0  ssd1306.o ABSOLUTE
    ..\\Src\\fm.c                            0x00000000   Number         0  fm.o ABSOLUTE
    ..\\Src\\printf.c                        0x00000000   Number         0  printf.o ABSOLUTE
    cdrcmple.s                               0x00000000   Number         0  cdrcmple.o ABSOLUTE
    dc.s                                     0x00000000   Number         0  dc.o ABSOLUTE
    handlers.s                               0x00000000   Number         0  handlers.o ABSOLUTE
    init.s                                   0x00000000   Number         0  init.o ABSOLUTE
    startup_stm32f103xb.s                    0x00000000   Number         0  startup_stm32f103xb.o ABSOLUTE
    RESET                                    0x08000000   Section      236  startup_stm32f103xb.o(RESET)
    .ARM.Collect$$$$00000000                 0x080000ec   Section        0  entry.o(.ARM.Collect$$$$00000000)
    .ARM.Collect$$$$00000001                 0x080000ec   Section        4  entry2.o(.ARM.Collect$$$$00000001)
    .ARM.Collect$$$$00000004                 0x080000f0   Section        4  entry5.o(.ARM.Collect$$$$00000004)
    .ARM.Collect$$$$00000008                 0x080000f4   Section        0  entry7b.o(.ARM.Collect$$$$00000008)
    .ARM.Collect$$$$0000000A                 0x080000f4   Section        0  entry8b.o(.ARM.Collect$$$$0000000A)
    .ARM.Collect$$$$0000000B                 0x080000f4   Section        8  entry9a.o(.ARM.Collect$$$$0000000B)
    .ARM.Collect$$$$0000000D                 0x080000fc   Section        0  entry10a.o(.ARM.Collect$$$$0000000D)
    .ARM.Collect$$$$0000000F                 0x080000fc   Section        0  entry11a.o(.ARM.Collect$$$$0000000F)
    .ARM.Collect$$$$00002712                 0x080000fc   Section        4  entry2.o(.ARM.Collect$$$$00002712)
    __lit__00000000                          0x080000fc   Data           4  entry2.o(.ARM.Collect$$$$00002712)
    .text                                    0x08000100   Section       36  startup_stm32f103xb.o(.text)
    .text                                    0x08000124   Section        0  llushr.o(.text)
    .text                                    0x08000144   Section        0  memseta.o(.text)
    .text                                    0x08000168   Section        0  strlen.o(.text)
    .text                                    0x08000176   Section        0  strcpy.o(.text)
    .text                                    0x08000188   Section        0  uldiv.o(.text)
    .text                                    0x080001ec   Section       36  init.o(.text)
    .text                                    0x08000210   Section        0  llshl.o(.text)
    i.ADC_ConversionStop_Disable             0x08000230   Section        0  stm32f1xx_hal_adc.o(i.ADC_ConversionStop_Disable)
    i.ADC_DMAConvCplt                        0x0800027c   Section        0  stm32f1xx_hal_adc.o(i.ADC_DMAConvCplt)
    i.ADC_DMAError                           0x080002ca   Section        0  stm32f1xx_hal_adc.o(i.ADC_DMAError)
    i.ADC_DMAHalfConvCplt                    0x080002e4   Section        0  stm32f1xx_hal_adc.o(i.ADC_DMAHalfConvCplt)
    i.ADC_Enable                             0x080002f0   Section        0  stm32f1xx_hal_adc.o(i.ADC_Enable)
    i.DMA1_Channel1_IRQHandler               0x08000360   Section        0  stm32f1xx_it.o(i.DMA1_Channel1_IRQHandler)
    i.DMA_SetConfig                          0x0800036c   Section        0  stm32f1xx_hal_dma.o(i.DMA_SetConfig)
    DMA_SetConfig                            0x0800036d   Thumb Code    30  stm32f1xx_hal_dma.o(i.DMA_SetConfig)
    i.HAL_ADC_ConfigChannel                  0x0800038c   Section        0  stm32f1xx_hal_adc.o(i.HAL_ADC_ConfigChannel)
    i.HAL_ADC_ConvCpltCallback               0x080004f4   Section        0  stm32f1xx_hal_adc.o(i.HAL_ADC_ConvCpltCallback)
    i.HAL_ADC_ConvHalfCpltCallback           0x080004f6   Section        0  stm32f1xx_hal_adc.o(i.HAL_ADC_ConvHalfCpltCallback)
    i.HAL_ADC_ErrorCallback                  0x080004f8   Section        0  stm32f1xx_hal_adc.o(i.HAL_ADC_ErrorCallback)
    i.HAL_ADC_Init                           0x080004fc   Section        0  stm32f1xx_hal_adc.o(i.HAL_ADC_Init)
    i.HAL_ADC_MspInit                        0x08000630   Section        0  adc.o(i.HAL_ADC_MspInit)
    i.HAL_ADC_Start                          0x0800069c   Section        0  stm32f1xx_hal_adc.o(i.HAL_ADC_Start)
    i.HAL_ADC_Start_DMA                      0x0800075c   Section        0  stm32f1xx_hal_adc.o(i.HAL_ADC_Start_DMA)
    i.HAL_DMA_IRQHandler                     0x08000868   Section        0  stm32f1xx_hal_dma.o(i.HAL_DMA_IRQHandler)
    i.HAL_DMA_Init                           0x08000ad4   Section        0  stm32f1xx_hal_dma.o(i.HAL_DMA_Init)
    i.HAL_DMA_Start_IT                       0x08000b24   Section        0  stm32f1xx_hal_dma.o(i.HAL_DMA_Start_IT)
    i.HAL_Delay                              0x08000b7c   Section        0  stm32f1xx_hal.o(i.HAL_Delay)
    i.HAL_GPIO_Init                          0x08000b94   Section        0  stm32f1xx_hal_gpio.o(i.HAL_GPIO_Init)
    i.HAL_GPIO_WritePin                      0x08000d50   Section        0  stm32f1xx_hal_gpio.o(i.HAL_GPIO_WritePin)
    i.HAL_GetTick                            0x08000d5c   Section        0  stm32f1xx_hal.o(i.HAL_GetTick)
    i.HAL_I2C_Init                           0x08000d68   Section        0  stm32f1xx_hal_i2c.o(i.HAL_I2C_Init)
    i.HAL_I2C_IsDeviceReady                  0x08000e48   Section        0  stm32f1xx_hal_i2c.o(i.HAL_I2C_IsDeviceReady)
    i.HAL_I2C_Master_Transmit                0x08000f8c   Section        0  stm32f1xx_hal_i2c.o(i.HAL_I2C_Master_Transmit)
    i.HAL_I2C_MspInit                        0x080010b8   Section        0  i2c.o(i.HAL_I2C_MspInit)
    i.HAL_IncTick                            0x080010fc   Section        0  stm32f1xx_hal.o(i.HAL_IncTick)
    i.HAL_Init                               0x0800110c   Section        0  stm32f1xx_hal.o(i.HAL_Init)
    i.HAL_InitTick                           0x08001130   Section        0  stm32f1xx_hal.o(i.HAL_InitTick)
    i.HAL_MspInit                            0x08001154   Section        0  stm32f1xx_hal_msp.o(i.HAL_MspInit)
    i.HAL_NVIC_EnableIRQ                     0x08001180   Section        0  stm32f1xx_hal_cortex.o(i.HAL_NVIC_EnableIRQ)
    i.HAL_NVIC_SetPriority                   0x08001198   Section        0  stm32f1xx_hal_cortex.o(i.HAL_NVIC_SetPriority)
    i.HAL_NVIC_SetPriorityGrouping           0x080011d8   Section        0  stm32f1xx_hal_cortex.o(i.HAL_NVIC_SetPriorityGrouping)
    i.HAL_RCCEx_PeriphCLKConfig              0x080011fc   Section        0  stm32f1xx_hal_rcc_ex.o(i.HAL_RCCEx_PeriphCLKConfig)
    i.HAL_RCC_ClockConfig                    0x08001324   Section        0  stm32f1xx_hal_rcc.o(i.HAL_RCC_ClockConfig)
    i.HAL_RCC_GetHCLKFreq                    0x080015ac   Section        0  stm32f1xx_hal_rcc.o(i.HAL_RCC_GetHCLKFreq)
    i.HAL_RCC_GetPCLK1Freq                   0x080015e0   Section        0  stm32f1xx_hal_rcc.o(i.HAL_RCC_GetPCLK1Freq)
    i.HAL_RCC_GetPCLK2Freq                   0x0800160c   Section        0  stm32f1xx_hal_rcc.o(i.HAL_RCC_GetPCLK2Freq)
    i.HAL_RCC_GetSysClockFreq                0x08001638   Section        0  stm32f1xx_hal_rcc.o(i.HAL_RCC_GetSysClockFreq)
    i.HAL_RCC_OscConfig                      0x080016c0   Section        0  stm32f1xx_hal_rcc.o(i.HAL_RCC_OscConfig)
    i.HAL_SPI_Init                           0x08001cf4   Section        0  stm32f1xx_hal_spi_ex.o(i.HAL_SPI_Init)
    i.HAL_SPI_MspInit                        0x08001d7c   Section        0  spi.o(i.HAL_SPI_MspInit)
    i.HAL_SPI_TransmitReceive                0x08001e0c   Section        0  stm32f1xx_hal_spi.o(i.HAL_SPI_TransmitReceive)
    i.HAL_SYSTICK_CLKSourceConfig            0x080020be   Section        0  stm32f1xx_hal_cortex.o(i.HAL_SYSTICK_CLKSourceConfig)
    i.HAL_SYSTICK_Callback                   0x080020d6   Section        0  stm32f1xx_hal_cortex.o(i.HAL_SYSTICK_Callback)
    i.HAL_SYSTICK_Config                     0x080020d8   Section        0  stm32f1xx_hal_cortex.o(i.HAL_SYSTICK_Config)
    i.HAL_SYSTICK_IRQHandler                 0x08002100   Section        0  stm32f1xx_hal_cortex.o(i.HAL_SYSTICK_IRQHandler)
    i.HAL_UART_ErrorCallback                 0x08002108   Section        0  stm32f1xx_hal_uart.o(i.HAL_UART_ErrorCallback)
    i.HAL_UART_IRQHandler                    0x0800210c   Section        0  stm32f1xx_hal_uart.o(i.HAL_UART_IRQHandler)
    i.HAL_UART_Init                          0x080021e6   Section        0  stm32f1xx_hal_uart.o(i.HAL_UART_Init)
    i.HAL_UART_MspInit                       0x08002244   Section        0  usart.o(i.HAL_UART_MspInit)
    i.HAL_UART_RxCpltCallback                0x080022ac   Section        0  stm32f1xx_hal_uart.o(i.HAL_UART_RxCpltCallback)
    i.HAL_UART_Transmit                      0x080022b0   Section        0  stm32f1xx_hal_uart.o(i.HAL_UART_Transmit)
    i.HAL_UART_TxCpltCallback                0x0800237c   Section        0  stm32f1xx_hal_uart.o(i.HAL_UART_TxCpltCallback)
    i.I2C_IsAcknowledgeFailed                0x0800237e   Section        0  stm32f1xx_hal_i2c.o(i.I2C_IsAcknowledgeFailed)
    I2C_IsAcknowledgeFailed                  0x0800237f   Thumb Code    42  stm32f1xx_hal_i2c.o(i.I2C_IsAcknowledgeFailed)
    i.I2C_MasterRequestWrite                 0x080023a8   Section        0  stm32f1xx_hal_i2c.o(i.I2C_MasterRequestWrite)
    I2C_MasterRequestWrite                   0x080023a9   Thumb Code   112  stm32f1xx_hal_i2c.o(i.I2C_MasterRequestWrite)
    i.I2C_WaitOnFlagUntilTimeout             0x0800241c   Section        0  stm32f1xx_hal_i2c.o(i.I2C_WaitOnFlagUntilTimeout)
    I2C_WaitOnFlagUntilTimeout               0x0800241d   Thumb Code   138  stm32f1xx_hal_i2c.o(i.I2C_WaitOnFlagUntilTimeout)
    i.I2C_WaitOnMasterAddressFlagUntilTimeout 0x080024a6   Section        0  stm32f1xx_hal_i2c.o(i.I2C_WaitOnMasterAddressFlagUntilTimeout)
    I2C_WaitOnMasterAddressFlagUntilTimeout  0x080024a7   Thumb Code   136  stm32f1xx_hal_i2c.o(i.I2C_WaitOnMasterAddressFlagUntilTimeout)
    i.I2C_WaitOnTXEFlagUntilTimeout          0x0800252e   Section        0  stm32f1xx_hal_i2c.o(i.I2C_WaitOnTXEFlagUntilTimeout)
    I2C_WaitOnTXEFlagUntilTimeout            0x0800252f   Thumb Code    80  stm32f1xx_hal_i2c.o(i.I2C_WaitOnTXEFlagUntilTimeout)
    i.MX_ADC1_Init                           0x08002580   Section        0  adc.o(i.MX_ADC1_Init)
    i.MX_DMA_Init                            0x080025d4   Section        0  dma.o(i.MX_DMA_Init)
    i.MX_GPIO_Init                           0x08002600   Section        0  gpio.o(i.MX_GPIO_Init)
    i.MX_I2C1_Init                           0x0800268c   Section        0  i2c.o(i.MX_I2C1_Init)
    i.MX_SPI1_Init                           0x080026bc   Section        0  spi.o(i.MX_SPI1_Init)
    i.MX_SPI2_Init                           0x080026f4   Section        0  spi.o(i.MX_SPI2_Init)
    i.MX_USART1_UART_Init                    0x08002728   Section        0  usart.o(i.MX_USART1_UART_Init)
    i.NVIC_SetPriority                       0x08002750   Section        0  stm32f1xx_hal_cortex.o(i.NVIC_SetPriority)
    NVIC_SetPriority                         0x08002751   Thumb Code    32  stm32f1xx_hal_cortex.o(i.NVIC_SetPriority)
    i.SPI_WaitOnFlagUntilTimeout             0x08002770   Section        0  stm32f1xx_hal_spi.o(i.SPI_WaitOnFlagUntilTimeout)
    SPI_WaitOnFlagUntilTimeout               0x08002771   Thumb Code   158  stm32f1xx_hal_spi.o(i.SPI_WaitOnFlagUntilTimeout)
    i.SSD1306_DrawFilledRectangle            0x0800280e   Section        0  ssd1306.o(i.SSD1306_DrawFilledRectangle)
    i.SSD1306_DrawLine                       0x08002864   Section        0  ssd1306.o(i.SSD1306_DrawLine)
    i.SSD1306_DrawPixel                      0x08002970   Section        0  ssd1306.o(i.SSD1306_DrawPixel)
    i.SSD1306_DrawRectangle                  0x080029b0   Section        0  ssd1306.o(i.SSD1306_DrawRectangle)
    i.SSD1306_Fill                           0x08002a24   Section        0  ssd1306.o(i.SSD1306_Fill)
    i.SSD1306_GotoXY                         0x08002a3c   Section        0  ssd1306.o(i.SSD1306_GotoXY)
    i.SSD1306_Init                           0x08002a48   Section        0  ssd1306.o(i.SSD1306_Init)
    i.SSD1306_Putc                           0x08002ba4   Section        0  ssd1306.o(i.SSD1306_Putc)
    i.SSD1306_Puts                           0x08002c34   Section        0  ssd1306.o(i.SSD1306_Puts)
    i.SSD1306_UpdateScreen                   0x08002c5c   Section        0  ssd1306.o(i.SSD1306_UpdateScreen)
    i.SysTick_Handler                        0x08002ca4   Section        0  stm32f1xx_it.o(i.SysTick_Handler)
    i.SystemClock_Config                     0x08002cb2   Section        0  main.o(i.SystemClock_Config)
    i.SystemInit                             0x08002d1c   Section        0  system_stm32f1xx.o(i.SystemInit)
    i.UART_Receive_IT                        0x08002d64   Section        0  stm32f1xx_hal_uart.o(i.UART_Receive_IT)
    UART_Receive_IT                          0x08002d65   Thumb Code   168  stm32f1xx_hal_uart.o(i.UART_Receive_IT)
    i.UART_SetConfig                         0x08002e0c   Section        0  stm32f1xx_hal_uart.o(i.UART_SetConfig)
    UART_SetConfig                           0x08002e0d   Thumb Code   220  stm32f1xx_hal_uart.o(i.UART_SetConfig)
    i.UART_Transmit_IT                       0x08002eec   Section        0  stm32f1xx_hal_uart.o(i.UART_Transmit_IT)
    UART_Transmit_IT                         0x08002eed   Thumb Code   102  stm32f1xx_hal_uart.o(i.UART_Transmit_IT)
    i.UART_WaitOnFlagUntilTimeout            0x08002f52   Section        0  stm32f1xx_hal_uart.o(i.UART_WaitOnFlagUntilTimeout)
    UART_WaitOnFlagUntilTimeout              0x08002f53   Thumb Code   146  stm32f1xx_hal_uart.o(i.UART_WaitOnFlagUntilTimeout)
    i.USART1_IRQHandler                      0x08002fe4   Section        0  stm32f1xx_it.o(i.USART1_IRQHandler)
    i.__0printf$8                            0x08002ff0   Section        0  printf8.o(i.__0printf$8)
    i.__scatterload_copy                     0x08003010   Section       14  handlers.o(i.__scatterload_copy)
    i.__scatterload_null                     0x0800301e   Section        2  handlers.o(i.__scatterload_null)
    i.__scatterload_zeroinit                 0x08003020   Section       14  handlers.o(i.__scatterload_zeroinit)
    i._printf_core                           0x08003030   Section        0  printf8.o(i._printf_core)
    _printf_core                             0x08003031   Thumb Code   996  printf8.o(i._printf_core)
    i._printf_post_padding                   0x08003440   Section        0  printf8.o(i._printf_post_padding)
    _printf_post_padding                     0x08003441   Thumb Code    36  printf8.o(i._printf_post_padding)
    i._printf_pre_padding                    0x08003464   Section        0  printf8.o(i._printf_pre_padding)
    _printf_pre_padding                      0x08003465   Thumb Code    46  printf8.o(i._printf_pre_padding)
    i.check_fs                               0x08003494   Section        0  ff.o(i.check_fs)
    check_fs                                 0x08003495   Thumb Code    86  ff.o(i.check_fs)
    i.chk_chr                                0x080034f0   Section        0  ff.o(i.chk_chr)
    chk_chr                                  0x080034f1   Thumb Code    16  ff.o(i.chk_chr)
    i.clust2sect                             0x08003500   Section        0  ff.o(i.clust2sect)
    i.cmp_lfn                                0x08003518   Section        0  ff.o(i.cmp_lfn)
    cmp_lfn                                  0x08003519   Thumb Code   116  ff.o(i.cmp_lfn)
    i.count_files                            0x08003590   Section        0  fm.o(i.count_files)
    i.crc16                                  0x080035dc   Section        0  fat_sd_spi.o(i.crc16)
    i.crc7_one                               0x0800360a   Section        0  fat_sd_spi.o(i.crc7_one)
    crc7_one                                 0x0800360b   Thumb Code    24  fat_sd_spi.o(i.crc7_one)
    i.create_chain                           0x08003622   Section        0  ff.o(i.create_chain)
    create_chain                             0x08003623   Thumb Code   158  ff.o(i.create_chain)
    i.create_files_list                      0x080036c0   Section        0  fm.o(i.create_files_list)
    i.create_name                            0x080037f0   Section        0  ff.o(i.create_name)
    create_name                              0x080037f1   Thumb Code   492  ff.o(i.create_name)
    i.dir_find                               0x080039f4   Section        0  ff.o(i.dir_find)
    dir_find                                 0x080039f5   Thumb Code   196  ff.o(i.dir_find)
    i.dir_next                               0x08003ab8   Section        0  ff.o(i.dir_next)
    dir_next                                 0x08003ab9   Thumb Code   230  ff.o(i.dir_next)
    i.dir_read                               0x08003ba0   Section        0  ff.o(i.dir_read)
    dir_read                                 0x08003ba1   Thumb Code   252  ff.o(i.dir_read)
    i.dir_register                           0x08003ca0   Section        0  ff.o(i.dir_register)
    dir_register                             0x08003ca1   Thumb Code   418  ff.o(i.dir_register)
    i.dir_sdi                                0x08003e48   Section        0  ff.o(i.dir_sdi)
    dir_sdi                                  0x08003e49   Thumb Code   126  ff.o(i.dir_sdi)
    i.disk_initialize                        0x08003ec8   Section        0  diskio.o(i.disk_initialize)
    i.disk_ioctl                             0x08003edc   Section        0  diskio.o(i.disk_ioctl)
    i.disk_read                              0x08003f08   Section        0  diskio.o(i.disk_read)
    i.disk_status                            0x08003f3c   Section        0  diskio.o(i.disk_status)
    i.disk_write                             0x08003f50   Section        0  diskio.o(i.disk_write)
    i.f_close                                0x08003f84   Section        0  ff.o(i.f_close)
    i.f_closedir                             0x08003fa0   Section        0  ff.o(i.f_closedir)
    i.f_mount                                0x08003fb4   Section        0  ff.o(i.f_mount)
    i.f_open                                 0x08004000   Section        0  ff.o(i.f_open)
    i.f_opendir                              0x08004148   Section        0  ff.o(i.f_opendir)
    i.f_read                                 0x080041b0   Section        0  ff.o(i.f_read)
    i.f_readdir                              0x080042d4   Section        0  ff.o(i.f_readdir)
    i.f_sync                                 0x0800432c   Section        0  ff.o(i.f_sync)
    i.ff_convert                             0x080043a4   Section        0  ccsbcs.o(i.ff_convert)
    i.ff_wtoupper                            0x080043dc   Section        0  ccsbcs.o(i.ff_wtoupper)
    i.find_volume                            0x0800442c   Section        0  ff.o(i.find_volume)
    find_volume                              0x0800442d   Thumb Code   554  ff.o(i.find_volume)
    i.fm_draw                                0x08004664   Section        0  fm.o(i.fm_draw)
    i.fm_handle_file_open                    0x080046d4   Section        0  fm.o(i.fm_handle_file_open)
    i.fm_init                                0x0800471c   Section        0  fm.o(i.fm_init)
    i.fm_input                               0x08004758   Section        0  fm.o(i.fm_input)
    i.follow_path                            0x0800475a   Section        0  ff.o(i.follow_path)
    follow_path                              0x0800475b   Thumb Code   102  ff.o(i.follow_path)
    i.fputc                                  0x080047c0   Section        0  printf.o(i.fputc)
    i.free                                   0x080047dc   Section        0  malloc.o(i.free)
    i.gen_numname                            0x0800482c   Section        0  ff.o(i.gen_numname)
    gen_numname                              0x0800482d   Thumb Code   122  ff.o(i.gen_numname)
    i.get_fat                                0x080048ac   Section        0  ff.o(i.get_fat)
    i.get_fattime                            0x0800496c   Section        0  diskio.o(i.get_fattime)
    i.get_fileinfo                           0x080049b8   Section        0  ff.o(i.get_fileinfo)
    get_fileinfo                             0x080049b9   Thumb Code   186  ff.o(i.get_fileinfo)
    i.get_ldnumber                           0x08004a72   Section        0  ff.o(i.get_ldnumber)
    get_ldnumber                             0x08004a73   Thumb Code    60  ff.o(i.get_ldnumber)
    i.gui_create_list                        0x08004ab0   Section        0  gui.o(i.gui_create_list)
    i.gui_create_listItem                    0x08004b08   Section        0  gui.o(i.gui_create_listItem)
    i.gui_draw                               0x08004b28   Section        0  gui.o(i.gui_draw)
    i.gui_draw_list                          0x08004b4c   Section        0  gui.o(i.gui_draw_list)
    i.gui_draw_message                       0x08004d8c   Section        0  gui.o(i.gui_draw_message)
    i.gui_init                               0x08004dc4   Section        0  gui.o(i.gui_init)
    i.gui_input                              0x08004dd8   Section        0  gui.o(i.gui_input)
    i.gui_input_list                         0x08004e04   Section        0  gui.o(i.gui_input_list)
    i.gui_input_message                      0x08004ea8   Section        0  gui.o(i.gui_input_message)
    i.gui_lable                              0x08004ec0   Section        0  gui.o(i.gui_lable)
    i.gui_lable_multiline                    0x08004f54   Section        0  gui.o(i.gui_lable_multiline)
    i.gui_set_curList                        0x0800503c   Section        0  gui.o(i.gui_set_curList)
    i.gui_set_cur_app                        0x08005048   Section        0  gui.o(i.gui_set_cur_app)
    i.gui_showMessage                        0x08005054   Section        0  gui.o(i.gui_showMessage)
    i.gui_text                               0x0800506c   Section        0  gui.o(i.gui_text)
    i.gui_upd_display                        0x08005090   Section        0  gui.o(i.gui_upd_display)
    i.hwif_init                              0x080050a0   Section        0  fat_sd_spi.o(i.hwif_init)
    i.keyboard_adc_to_lvl                    0x080050e8   Section        0  keyboard.o(i.keyboard_adc_to_lvl)
    i.keyboard_handle                        0x0800511c   Section        0  keyboard.o(i.keyboard_handle)
    i.keyboard_init                          0x0800512c   Section        0  keyboard.o(i.keyboard_init)
    i.keyboard_lvl_to_key                    0x0800514c   Section        0  keyboard.o(i.keyboard_lvl_to_key)
    i.keyboard_setPressHandler               0x080051c0   Section        0  keyboard.o(i.keyboard_setPressHandler)
    i.keyboard_update                        0x080051cc   Section        0  keyboard.o(i.keyboard_update)
    i.ld_clust                               0x08005248   Section        0  ff.o(i.ld_clust)
    ld_clust                                 0x08005249   Thumb Code    18  ff.o(i.ld_clust)
    i.main                                   0x0800525c   Section        0  main.o(i.main)
    i.malloc                                 0x080052c0   Section        0  malloc.o(i.malloc)
    i.mem_cpy                                0x0800532c   Section        0  ff.o(i.mem_cpy)
    mem_cpy                                  0x0800532d   Thumb Code    18  ff.o(i.mem_cpy)
    i.mem_set                                0x0800533e   Section        0  ff.o(i.mem_set)
    mem_set                                  0x0800533f   Thumb Code    14  ff.o(i.mem_set)
    i.move_window                            0x0800534c   Section        0  ff.o(i.move_window)
    move_window                              0x0800534d   Thumb Code    50  ff.o(i.move_window)
    i.print_r1                               0x08005380   Section        0  fat_sd_spi.o(i.print_r1)
    print_r1                                 0x08005381   Thumb Code    48  fat_sd_spi.o(i.print_r1)
    i.put_fat                                0x080053c8   Section        0  ff.o(i.put_fat)
    i.remove_chain                           0x080054bc   Section        0  ff.o(i.remove_chain)
    remove_chain                             0x080054bd   Thumb Code    98  ff.o(i.remove_chain)
    i.sd_cmd                                 0x0800551e   Section        0  fat_sd_spi.o(i.sd_cmd)
    sd_cmd                                   0x0800551f   Thumb Code   110  fat_sd_spi.o(i.sd_cmd)
    i.sd_get_data                            0x0800558c   Section        0  fat_sd_spi.o(i.sd_get_data)
    sd_get_data                              0x0800558d   Thumb Code   106  fat_sd_spi.o(i.sd_get_data)
    i.sd_get_r1                              0x08005624   Section        0  fat_sd_spi.o(i.sd_get_r1)
    sd_get_r1                                0x08005625   Thumb Code    26  fat_sd_spi.o(i.sd_get_r1)
    i.sd_get_r7                              0x0800563e   Section        0  fat_sd_spi.o(i.sd_get_r7)
    sd_get_r7                                0x0800563f   Thumb Code    54  fat_sd_spi.o(i.sd_get_r7)
    i.sd_init                                0x08005674   Section        0  fat_sd_spi.o(i.sd_init)
    sd_init                                  0x08005675   Thumb Code   856  fat_sd_spi.o(i.sd_init)
    i.sd_nec                                 0x08005b00   Section        0  fat_sd_spi.o(i.sd_nec)
    sd_nec                                   0x08005b01   Thumb Code    18  fat_sd_spi.o(i.sd_nec)
    i.sd_put_data                            0x08005b14   Section        0  fat_sd_spi.o(i.sd_put_data)
    sd_put_data                              0x08005b15   Thumb Code   136  fat_sd_spi.o(i.sd_put_data)
    i.sd_read                                0x08005ba0   Section        0  fat_sd_spi.o(i.sd_read)
    i.sd_read_cid                            0x08005c0c   Section        0  fat_sd_spi.o(i.sd_read_cid)
    sd_read_cid                              0x08005c0d   Thumb Code   248  fat_sd_spi.o(i.sd_read_cid)
    i.sd_read_csd                            0x08005d28   Section        0  fat_sd_spi.o(i.sd_read_csd)
    sd_read_csd                              0x08005d29   Thumb Code   744  fat_sd_spi.o(i.sd_read_csd)
    i.sd_read_status                         0x0800604c   Section        0  fat_sd_spi.o(i.sd_read_status)
    sd_read_status                           0x0800604d   Thumb Code   136  fat_sd_spi.o(i.sd_read_status)
    i.sd_readsector                          0x080060f0   Section        0  fat_sd_spi.o(i.sd_readsector)
    sd_readsector                            0x080060f1   Thumb Code   158  fat_sd_spi.o(i.sd_readsector)
    i.sd_write                               0x080061c0   Section        0  fat_sd_spi.o(i.sd_write)
    i.sd_writesector                         0x0800622c   Section        0  fat_sd_spi.o(i.sd_writesector)
    sd_writesector                           0x0800622d   Thumb Code   170  fat_sd_spi.o(i.sd_writesector)
    i.spi_set_speed                          0x08006324   Section        0  fat_sd_spi.o(i.spi_set_speed)
    spi_set_speed                            0x08006325   Thumb Code    20  fat_sd_spi.o(i.spi_set_speed)
    i.spi_txrx                               0x0800633c   Section        0  fat_sd_spi.o(i.spi_txrx)
    spi_txrx                                 0x0800633d   Thumb Code    34  fat_sd_spi.o(i.spi_txrx)
    i.ssd1306_I2C_Init                       0x08006364   Section        0  ssd1306.o(i.ssd1306_I2C_Init)
    i.ssd1306_I2C_Write                      0x08006370   Section        0  ssd1306.o(i.ssd1306_I2C_Write)
    i.ssd1306_I2C_WriteMulti                 0x08006390   Section        0  ssd1306.o(i.ssd1306_I2C_WriteMulti)
    i.st_clust                               0x080063d8   Section        0  ff.o(i.st_clust)
    st_clust                                 0x080063d9   Thumb Code    16  ff.o(i.st_clust)
    i.sum_sfn                                0x080063e8   Section        0  ff.o(i.sum_sfn)
    sum_sfn                                  0x080063e9   Thumb Code    26  ff.o(i.sum_sfn)
    i.sync_fs                                0x08006402   Section        0  ff.o(i.sync_fs)
    sync_fs                                  0x08006403   Thumb Code   176  ff.o(i.sync_fs)
    i.sync_window                            0x080064b2   Section        0  ff.o(i.sync_window)
    sync_window                              0x080064b3   Thumb Code    82  ff.o(i.sync_window)
    i.validate                               0x08006504   Section        0  ff.o(i.validate)
    validate                                 0x08006505   Thumb Code    34  ff.o(i.validate)
    .constdata                               0x08006526   Section     5120  fonts.o(.constdata)
    .constdata                               0x08007926   Section     2232  ccsbcs.o(.constdata)
    Tbl                                      0x08007926   Data         256  ccsbcs.o(.constdata)
    lower                                    0x08007a26   Data         988  ccsbcs.o(.constdata)
    upper                                    0x08007e02   Data         988  ccsbcs.o(.constdata)
    .constdata                               0x080081de   Section       82  fat_sd_spi.o(.constdata)
    __func__                                 0x080081de   Data           8  fat_sd_spi.o(.constdata)
    __func__                                 0x080081e6   Data          12  fat_sd_spi.o(.constdata)
    __func__                                 0x080081f2   Data          12  fat_sd_spi.o(.constdata)
    __func__                                 0x080081fe   Data          12  fat_sd_spi.o(.constdata)
    __func__                                 0x0800820a   Data          14  fat_sd_spi.o(.constdata)
    __func__                                 0x08008218   Data          15  fat_sd_spi.o(.constdata)
    __func__                                 0x08008227   Data           9  fat_sd_spi.o(.constdata)
    .constdata                               0x08008230   Section      141  ff.o(.constdata)
    ExCvt                                    0x08008230   Data         128  ff.o(.constdata)
    LfnOfs                                   0x080082b0   Data          13  ff.o(.constdata)
    .constdata                               0x080082bd   Section       16  stm32f1xx_hal_rcc.o(.constdata)
    .conststring                             0x080082d0   Section     1140  fat_sd_spi.o(.conststring)
    .data                                    0x20000000   Section        8  fonts.o(.data)
    .data                                    0x20000008   Section       16  gui.o(.data)
    .data                                    0x20000018   Section       24  keyboard.o(.data)
    .data                                    0x20000030   Section        6  ssd1306.o(.data)
    SSD1306                                  0x20000030   Data           6  ssd1306.o(.data)
    .data                                    0x20000038   Section       88  fat_sd_spi.o(.data)
    r1_strings                               0x20000038   Data          28  fat_sd_spi.o(.data)
    r2_strings                               0x20000054   Data          60  fat_sd_spi.o(.data)
    .data                                    0x20000090   Section        8  ff.o(.data)
    Fsid                                     0x20000090   Data           2  ff.o(.data)
    FatFs                                    0x20000094   Data           4  ff.o(.data)
    .data                                    0x20000098   Section       16  fm.o(.data)
    .data                                    0x200000a8   Section        4  stm32f1xx_hal.o(.data)
    uwTick                                   0x200000a8   Data           4  stm32f1xx_hal.o(.data)
    .data                                    0x200000ac   Section        1  stm32f1xx_hal_spi_ex.o(.data)
    .data                                    0x200000b0   Section        4  printf.o(.data)
    .data                                    0x200000b4   Section        4  system_stm32f1xx.o(.data)
    .data                                    0x200000b8   Section        4  mvars.o(.data)
    .data                                    0x200000bc   Section        4  mvars.o(.data)
    .bss                                     0x200000c0   Section     1024  ssd1306.o(.bss)
    SSD1306_Buffer                           0x200000c0   Data        1024  ssd1306.o(.bss)
    .bss                                     0x200004c0   Section       16  diskio.o(.bss)
    .bss                                     0x200004d0   Section      512  ff.o(.bss)
    LfnBuf                                   0x200004d0   Data         512  ff.o(.bss)
    .bss                                     0x200006d0   Section     1172  fm.o(.bss)
    lfn                                      0x200006d0   Data         256  fm.o(.bss)
    lfn                                      0x200007d0   Data         256  fm.o(.bss)
    .bss                                     0x20000b64   Section       60  i2c.o(.bss)
    .bss                                     0x20000ba0   Section      176  spi.o(.bss)
    .bss                                     0x20000c50   Section       64  usart.o(.bss)
    .bss                                     0x20000c90   Section      104  adc.o(.bss)
    HEAP                                     0x20000cf8   Section    12288  startup_stm32f103xb.o(HEAP)
    STACK                                    0x20003cf8   Section      768  startup_stm32f103xb.o(STACK)

    Global Symbols

    Symbol Name                              Value     Ov Type        Size  Object(Section)

    BuildAttributes$$THM_ISAv4$P$D$K$B$S$PE$A:L22UL41UL21$X:L11$S22US41US21$IEEE1$IW$USESV6$~STKCKD$USESV7$~SHL$OSPACE$ROPI$EBA8$MICROLIB$REQ8$PRES8$EABIv2 0x00000000   Number         0  anon$$obj.o ABSOLUTE
    __ARM_use_no_argv                        0x00000000   Number         0  main.o ABSOLUTE
    __use_no_errno                           0x00000000   Number         0  useno.o ABSOLUTE
    __use_no_exception_handling              0x00000000   Number         0  useno.o ABSOLUTE
    __use_no_fp                              0x00000000   Number         0  useno.o ABSOLUTE
    __use_no_heap                            0x00000000   Number         0  useno.o ABSOLUTE
    __use_no_heap_region                     0x00000000   Number         0  useno.o ABSOLUTE
    __use_no_semihosting                     0x00000000   Number         0  useno.o ABSOLUTE
    __use_no_semihosting_swi                 0x00000000   Number         0  useno.o ABSOLUTE
    __use_no_signal_handling                 0x00000000   Number         0  useno.o ABSOLUTE
    _printf_a                                0x00000000   Number         0  stubs.o ABSOLUTE
    _printf_c                                0x00000000   Number         0  stubs.o ABSOLUTE
    _printf_charcount                        0x00000000   Number         0  stubs.o ABSOLUTE
    _printf_d                                0x00000000   Number         0  stubs.o ABSOLUTE
    _printf_e                                0x00000000   Number         0  stubs.o ABSOLUTE
    _printf_f                                0x00000000   Number         0  stubs.o ABSOLUTE
    _printf_flags                            0x00000000   Number         0  stubs.o ABSOLUTE
    _printf_fp_dec                           0x00000000   Number         0  stubs.o ABSOLUTE
    _printf_fp_hex                           0x00000000   Number         0  stubs.o ABSOLUTE
    _printf_g                                0x00000000   Number         0  stubs.o ABSOLUTE
    _printf_i                                0x00000000   Number         0  stubs.o ABSOLUTE
    _printf_int_dec                          0x00000000   Number         0  stubs.o ABSOLUTE
    _printf_l                                0x00000000   Number         0  stubs.o ABSOLUTE
    _printf_lc                               0x00000000   Number         0  stubs.o ABSOLUTE
    _printf_ll                               0x00000000   Number         0  stubs.o ABSOLUTE
    _printf_lld                              0x00000000   Number         0  stubs.o ABSOLUTE
    _printf_lli                              0x00000000   Number         0  stubs.o ABSOLUTE
    _printf_llo                              0x00000000   Number         0  stubs.o ABSOLUTE
    _printf_llu                              0x00000000   Number         0  stubs.o ABSOLUTE
    _printf_llx                              0x00000000   Number         0  stubs.o ABSOLUTE
    _printf_longlong_dec                     0x00000000   Number         0  stubs.o ABSOLUTE
    _printf_longlong_hex                     0x00000000   Number         0  stubs.o ABSOLUTE
    _printf_longlong_oct                     0x00000000   Number         0  stubs.o ABSOLUTE
    _printf_ls                               0x00000000   Number         0  stubs.o ABSOLUTE
    _printf_mbtowc                           0x00000000   Number         0  stubs.o ABSOLUTE
    _printf_n                                0x00000000   Number         0  stubs.o ABSOLUTE
    _printf_o                                0x00000000   Number         0  stubs.o ABSOLUTE
    _printf_p                                0x00000000   Number         0  stubs.o ABSOLUTE
    _printf_percent                          0x00000000   Number         0  stubs.o ABSOLUTE
    _printf_pre_padding                      0x00000000   Number         0  stubs.o ABSOLUTE
    _printf_return_value                     0x00000000   Number         0  stubs.o ABSOLUTE
    _printf_s                                0x00000000   Number         0  stubs.o ABSOLUTE
    _printf_sizespec                         0x00000000   Number         0  stubs.o ABSOLUTE
    _printf_str                              0x00000000   Number         0  stubs.o ABSOLUTE
    _printf_truncate_signed                  0x00000000   Number         0  stubs.o ABSOLUTE
    _printf_truncate_unsigned                0x00000000   Number         0  stubs.o ABSOLUTE
    _printf_u                                0x00000000   Number         0  stubs.o ABSOLUTE
    _printf_wc                               0x00000000   Number         0  stubs.o ABSOLUTE
    _printf_wctomb                           0x00000000   Number         0  stubs.o ABSOLUTE
    _printf_widthprec                        0x00000000   Number         0  stubs.o ABSOLUTE
    _printf_x                                0x00000000   Number         0  stubs.o ABSOLUTE
    __cpp_initialize__aeabi_                  - Undefined Weak Reference
    __cxa_finalize                            - Undefined Weak Reference
    __decompress                              - Undefined Weak Reference
    _clock_init                               - Undefined Weak Reference
    _microlib_exit                            - Undefined Weak Reference
    __Vectors_Size                           0x000000ec   Number         0  startup_stm32f103xb.o ABSOLUTE
    __Vectors                                0x08000000   Data           4  startup_stm32f103xb.o(RESET)
    __Vectors_End                            0x080000ec   Data           0  startup_stm32f103xb.o(RESET)
    __main                                   0x080000ed   Thumb Code     0  entry.o(.ARM.Collect$$$$00000000)
    _main_stk                                0x080000ed   Thumb Code     0  entry2.o(.ARM.Collect$$$$00000001)
    _main_scatterload                        0x080000f1   Thumb Code     0  entry5.o(.ARM.Collect$$$$00000004)
    __main_after_scatterload                 0x080000f5   Thumb Code     0  entry5.o(.ARM.Collect$$$$00000004)
    _main_clock                              0x080000f5   Thumb Code     0  entry7b.o(.ARM.Collect$$$$00000008)
    _main_cpp_init                           0x080000f5   Thumb Code     0  entry8b.o(.ARM.Collect$$$$0000000A)
    _main_init                               0x080000f5   Thumb Code     0  entry9a.o(.ARM.Collect$$$$0000000B)
    __rt_final_cpp                           0x080000fd   Thumb Code     0  entry10a.o(.ARM.Collect$$$$0000000D)
    __rt_final_exit                          0x080000fd   Thumb Code     0  entry11a.o(.ARM.Collect$$$$0000000F)
    Reset_Handler                            0x08000101   Thumb Code     8  startup_stm32f103xb.o(.text)
    NMI_Handler                              0x08000109   Thumb Code     2  startup_stm32f103xb.o(.text)
    HardFault_Handler                        0x0800010b   Thumb Code     2  startup_stm32f103xb.o(.text)
    MemManage_Handler                        0x0800010d   Thumb Code     2  startup_stm32f103xb.o(.text)
    BusFault_Handler                         0x0800010f   Thumb Code     2  startup_stm32f103xb.o(.text)
    UsageFault_Handler                       0x08000111   Thumb Code     2  startup_stm32f103xb.o(.text)
    SVC_Handler                              0x08000113   Thumb Code     2  startup_stm32f103xb.o(.text)
    DebugMon_Handler                         0x08000115   Thumb Code     2  startup_stm32f103xb.o(.text)
    PendSV_Handler                           0x08000117   Thumb Code     2  startup_stm32f103xb.o(.text)
    ADC1_2_IRQHandler                        0x0800011b   Thumb Code     0  startup_stm32f103xb.o(.text)
    CAN1_RX1_IRQHandler                      0x0800011b   Thumb Code     0  startup_stm32f103xb.o(.text)
    CAN1_SCE_IRQHandler                      0x0800011b   Thumb Code     0  startup_stm32f103xb.o(.text)
    DMA1_Channel2_IRQHandler                 0x0800011b   Thumb Code     0  startup_stm32f103xb.o(.text)
    DMA1_Channel3_IRQHandler                 0x0800011b   Thumb Code     0  startup_stm32f103xb.o(.text)
    DMA1_Channel4_IRQHandler                 0x0800011b   Thumb Code     0  startup_stm32f103xb.o(.text)
    DMA1_Channel5_IRQHandler                 0x0800011b   Thumb Code     0  startup_stm32f103xb.o(.text)
    DMA1_Channel6_IRQHandler                 0x0800011b   Thumb Code     0  startup_stm32f103xb.o(.text)
    DMA1_Channel7_IRQHandler                 0x0800011b   Thumb Code     0  startup_stm32f103xb.o(.text)
    EXTI0_IRQHandler                         0x0800011b   Thumb Code     0  startup_stm32f103xb.o(.text)
    EXTI15_10_IRQHandler                     0x0800011b   Thumb Code     0  startup_stm32f103xb.o(.text)
    EXTI1_IRQHandler                         0x0800011b   Thumb Code     0  startup_stm32f103xb.o(.text)
    EXTI2_IRQHandler                         0x0800011b   Thumb Code     0  startup_stm32f103xb.o(.text)
    EXTI3_IRQHandler                         0x0800011b   Thumb Code     0  startup_stm32f103xb.o(.text)
    EXTI4_IRQHandler                         0x0800011b   Thumb Code     0  startup_stm32f103xb.o(.text)
    EXTI9_5_IRQHandler                       0x0800011b   Thumb Code     0  startup_stm32f103xb.o(.text)
    FLASH_IRQHandler                         0x0800011b   Thumb Code     0  startup_stm32f103xb.o(.text)
    I2C1_ER_IRQHandler                       0x0800011b   Thumb Code     0  startup_stm32f103xb.o(.text)
    I2C1_EV_IRQHandler                       0x0800011b   Thumb Code     0  startup_stm32f103xb.o(.text)
    I2C2_ER_IRQHandler                       0x0800011b   Thumb Code     0  startup_stm32f103xb.o(.text)
    I2C2_EV_IRQHandler                       0x0800011b   Thumb Code     0  startup_stm32f103xb.o(.text)
    PVD_IRQHandler                           0x0800011b   Thumb Code     0  startup_stm32f103xb.o(.text)
    RCC_IRQHandler                           0x0800011b   Thumb Code     0  startup_stm32f103xb.o(.text)
    RTC_Alarm_IRQHandler                     0x0800011b   Thumb Code     0  startup_stm32f103xb.o(.text)
    RTC_IRQHandler                           0x0800011b   Thumb Code     0  startup_stm32f103xb.o(.text)
    SPI1_IRQHandler                          0x0800011b   Thumb Code     0  startup_stm32f103xb.o(.text)
    SPI2_IRQHandler                          0x0800011b   Thumb Code     0  startup_stm32f103xb.o(.text)
    TAMPER_IRQHandler                        0x0800011b   Thumb Code     0  startup_stm32f103xb.o(.text)
    TIM1_BRK_IRQHandler                      0x0800011b   Thumb Code     0  startup_stm32f103xb.o(.text)
    TIM1_CC_IRQHandler                       0x0800011b   Thumb Code     0  startup_stm32f103xb.o(.text)
    TIM1_TRG_COM_IRQHandler                  0x0800011b   Thumb Code     0  startup_stm32f103xb.o(.text)
    TIM1_UP_IRQHandler                       0x0800011b   Thumb Code     0  startup_stm32f103xb.o(.text)
    TIM2_IRQHandler                          0x0800011b   Thumb Code     0  startup_stm32f103xb.o(.text)
    TIM3_IRQHandler                          0x0800011b   Thumb Code     0  startup_stm32f103xb.o(.text)
    TIM4_IRQHandler                          0x0800011b   Thumb Code     0  startup_stm32f103xb.o(.text)
    USART2_IRQHandler                        0x0800011b   Thumb Code     0  startup_stm32f103xb.o(.text)
    USART3_IRQHandler                        0x0800011b   Thumb Code     0  startup_stm32f103xb.o(.text)
    USBWakeUp_IRQHandler                     0x0800011b   Thumb Code     0  startup_stm32f103xb.o(.text)
    USB_HP_CAN1_TX_IRQHandler                0x0800011b   Thumb Code     0  startup_stm32f103xb.o(.text)
    USB_LP_CAN1_RX0_IRQHandler               0x0800011b   Thumb Code     0  startup_stm32f103xb.o(.text)
    WWDG_IRQHandler                          0x0800011b   Thumb Code     0  startup_stm32f103xb.o(.text)
    __aeabi_llsr                             0x08000125   Thumb Code    32  llushr.o(.text)
    _ll_ushift_r                             0x08000125   Thumb Code     0  llushr.o(.text)
    __aeabi_memset                           0x08000145   Thumb Code    14  memseta.o(.text)
    __aeabi_memset4                          0x08000145   Thumb Code     0  memseta.o(.text)
    __aeabi_memset8                          0x08000145   Thumb Code     0  memseta.o(.text)
    __aeabi_memclr                           0x08000153   Thumb Code     4  memseta.o(.text)
    __aeabi_memclr4                          0x08000153   Thumb Code     0  memseta.o(.text)
    __aeabi_memclr8                          0x08000153   Thumb Code     0  memseta.o(.text)
    _memset$wrapper                          0x08000157   Thumb Code    18  memseta.o(.text)
    strlen                                   0x08000169   Thumb Code    14  strlen.o(.text)
    strcpy                                   0x08000177   Thumb Code    18  strcpy.o(.text)
    __aeabi_uldivmod                         0x08000189   Thumb Code    98  uldiv.o(.text)
    __scatterload                            0x080001ed   Thumb Code    28  init.o(.text)
    __scatterload_rt2                        0x080001ed   Thumb Code     0  init.o(.text)
    __aeabi_llsl                             0x08000211   Thumb Code    30  llshl.o(.text)
    _ll_shift_l                              0x08000211   Thumb Code     0  llshl.o(.text)
    ADC_ConversionStop_Disable               0x08000231   Thumb Code    76  stm32f1xx_hal_adc.o(i.ADC_ConversionStop_Disable)
    ADC_DMAConvCplt                          0x0800027d   Thumb Code    78  stm32f1xx_hal_adc.o(i.ADC_DMAConvCplt)
    ADC_DMAError                             0x080002cb   Thumb Code    26  stm32f1xx_hal_adc.o(i.ADC_DMAError)
    ADC_DMAHalfConvCplt                      0x080002e5   Thumb Code    10  stm32f1xx_hal_adc.o(i.ADC_DMAHalfConvCplt)
    ADC_Enable                               0x080002f1   Thumb Code   104  stm32f1xx_hal_adc.o(i.ADC_Enable)
    DMA1_Channel1_IRQHandler                 0x08000361   Thumb Code     6  stm32f1xx_it.o(i.DMA1_Channel1_IRQHandler)
    HAL_ADC_ConfigChannel                    0x0800038d   Thumb Code   346  stm32f1xx_hal_adc.o(i.HAL_ADC_ConfigChannel)
    HAL_ADC_ConvCpltCallback                 0x080004f5   Thumb Code     2  stm32f1xx_hal_adc.o(i.HAL_ADC_ConvCpltCallback)
    HAL_ADC_ConvHalfCpltCallback             0x080004f7   Thumb Code     2  stm32f1xx_hal_adc.o(i.HAL_ADC_ConvHalfCpltCallback)
    HAL_ADC_ErrorCallback                    0x080004f9   Thumb Code     2  stm32f1xx_hal_adc.o(i.HAL_ADC_ErrorCallback)
    HAL_ADC_Init                             0x080004fd   Thumb Code   300  stm32f1xx_hal_adc.o(i.HAL_ADC_Init)
    HAL_ADC_MspInit                          0x08000631   Thumb Code    88  adc.o(i.HAL_ADC_MspInit)
    HAL_ADC_Start                            0x0800069d   Thumb Code   184  stm32f1xx_hal_adc.o(i.HAL_ADC_Start)
    HAL_ADC_Start_DMA                        0x0800075d   Thumb Code   246  stm32f1xx_hal_adc.o(i.HAL_ADC_Start_DMA)
    HAL_DMA_IRQHandler                       0x08000869   Thumb Code   616  stm32f1xx_hal_dma.o(i.HAL_DMA_IRQHandler)
    HAL_DMA_Init                             0x08000ad5   Thumb Code    80  stm32f1xx_hal_dma.o(i.HAL_DMA_Init)
    HAL_DMA_Start_IT                         0x08000b25   Thumb Code    88  stm32f1xx_hal_dma.o(i.HAL_DMA_Start_IT)
    HAL_Delay                                0x08000b7d   Thumb Code    22  stm32f1xx_hal.o(i.HAL_Delay)
    HAL_GPIO_Init                            0x08000b95   Thumb Code   408  stm32f1xx_hal_gpio.o(i.HAL_GPIO_Init)
    HAL_GPIO_WritePin                        0x08000d51   Thumb Code    10  stm32f1xx_hal_gpio.o(i.HAL_GPIO_WritePin)
    HAL_GetTick                              0x08000d5d   Thumb Code     6  stm32f1xx_hal.o(i.HAL_GetTick)
    HAL_I2C_Init                             0x08000d69   Thumb Code   216  stm32f1xx_hal_i2c.o(i.HAL_I2C_Init)
    HAL_I2C_IsDeviceReady                    0x08000e49   Thumb Code   320  stm32f1xx_hal_i2c.o(i.HAL_I2C_IsDeviceReady)
    HAL_I2C_Master_Transmit                  0x08000f8d   Thumb Code   294  stm32f1xx_hal_i2c.o(i.HAL_I2C_Master_Transmit)
    HAL_I2C_MspInit                          0x080010b9   Thumb Code    54  i2c.o(i.HAL_I2C_MspInit)
    HAL_IncTick                              0x080010fd   Thumb Code    10  stm32f1xx_hal.o(i.HAL_IncTick)
    HAL_Init                                 0x0800110d   Thumb Code    32  stm32f1xx_hal.o(i.HAL_Init)
    HAL_InitTick                             0x08001131   Thumb Code    34  stm32f1xx_hal.o(i.HAL_InitTick)
    HAL_MspInit                              0x08001155   Thumb Code    40  stm32f1xx_hal_msp.o(i.HAL_MspInit)
    HAL_NVIC_EnableIRQ                       0x08001181   Thumb Code    22  stm32f1xx_hal_cortex.o(i.HAL_NVIC_EnableIRQ)
    HAL_NVIC_SetPriority                     0x08001199   Thumb Code    60  stm32f1xx_hal_cortex.o(i.HAL_NVIC_SetPriority)
    HAL_NVIC_SetPriorityGrouping             0x080011d9   Thumb Code    26  stm32f1xx_hal_cortex.o(i.HAL_NVIC_SetPriorityGrouping)
    HAL_RCCEx_PeriphCLKConfig                0x080011fd   Thumb Code   282  stm32f1xx_hal_rcc_ex.o(i.HAL_RCCEx_PeriphCLKConfig)
    HAL_RCC_ClockConfig                      0x08001325   Thumb Code   638  stm32f1xx_hal_rcc.o(i.HAL_RCC_ClockConfig)
    HAL_RCC_GetHCLKFreq                      0x080015ad   Thumb Code    38  stm32f1xx_hal_rcc.o(i.HAL_RCC_GetHCLKFreq)
    HAL_RCC_GetPCLK1Freq                     0x080015e1   Thumb Code    36  stm32f1xx_hal_rcc.o(i.HAL_RCC_GetPCLK1Freq)
    HAL_RCC_GetPCLK2Freq                     0x0800160d   Thumb Code    36  stm32f1xx_hal_rcc.o(i.HAL_RCC_GetPCLK2Freq)
    HAL_RCC_GetSysClockFreq                  0x08001639   Thumb Code   102  stm32f1xx_hal_rcc.o(i.HAL_RCC_GetSysClockFreq)
    HAL_RCC_OscConfig                        0x080016c1   Thumb Code  1586  stm32f1xx_hal_rcc.o(i.HAL_RCC_OscConfig)
    HAL_SPI_Init                             0x08001cf5   Thumb Code   132  stm32f1xx_hal_spi_ex.o(i.HAL_SPI_Init)
    HAL_SPI_MspInit                          0x08001d7d   Thumb Code   122  spi.o(i.HAL_SPI_MspInit)
    HAL_SPI_TransmitReceive                  0x08001e0d   Thumb Code   690  stm32f1xx_hal_spi.o(i.HAL_SPI_TransmitReceive)
    HAL_SYSTICK_CLKSourceConfig              0x080020bf   Thumb Code    24  stm32f1xx_hal_cortex.o(i.HAL_SYSTICK_CLKSourceConfig)
    HAL_SYSTICK_Callback                     0x080020d7   Thumb Code     2  stm32f1xx_hal_cortex.o(i.HAL_SYSTICK_Callback)
    HAL_SYSTICK_Config                       0x080020d9   Thumb Code    40  stm32f1xx_hal_cortex.o(i.HAL_SYSTICK_Config)
    HAL_SYSTICK_IRQHandler                   0x08002101   Thumb Code     8  stm32f1xx_hal_cortex.o(i.HAL_SYSTICK_IRQHandler)
    HAL_UART_ErrorCallback                   0x08002109   Thumb Code     2  stm32f1xx_hal_uart.o(i.HAL_UART_ErrorCallback)
    HAL_UART_IRQHandler                      0x0800210d   Thumb Code   218  stm32f1xx_hal_uart.o(i.HAL_UART_IRQHandler)
    HAL_UART_Init                            0x080021e7   Thumb Code    94  stm32f1xx_hal_uart.o(i.HAL_UART_Init)
    HAL_UART_MspInit                         0x08002245   Thumb Code    92  usart.o(i.HAL_UART_MspInit)
    HAL_UART_RxCpltCallback                  0x080022ad   Thumb Code     2  stm32f1xx_hal_uart.o(i.HAL_UART_RxCpltCallback)
    HAL_UART_Transmit                        0x080022b1   Thumb Code   204  stm32f1xx_hal_uart.o(i.HAL_UART_Transmit)
    HAL_UART_TxCpltCallback                  0x0800237d   Thumb Code     2  stm32f1xx_hal_uart.o(i.HAL_UART_TxCpltCallback)
    MX_ADC1_Init                             0x08002581   Thumb Code    76  adc.o(i.MX_ADC1_Init)
    MX_DMA_Init                              0x080025d5   Thumb Code    40  dma.o(i.MX_DMA_Init)
    MX_GPIO_Init                             0x08002601   Thumb Code   128  gpio.o(i.MX_GPIO_Init)
    MX_I2C1_Init                             0x0800268d   Thumb Code    34  i2c.o(i.MX_I2C1_Init)
    MX_SPI1_Init                             0x080026bd   Thumb Code    46  spi.o(i.MX_SPI1_Init)
    MX_SPI2_Init                             0x080026f5   Thumb Code    44  spi.o(i.MX_SPI2_Init)
    MX_USART1_UART_Init                      0x08002729   Thumb Code    32  usart.o(i.MX_USART1_UART_Init)
    SSD1306_DrawFilledRectangle              0x0800280f   Thumb Code    86  ssd1306.o(i.SSD1306_DrawFilledRectangle)
    SSD1306_DrawLine                         0x08002865   Thumb Code   266  ssd1306.o(i.SSD1306_DrawLine)
    SSD1306_DrawPixel                        0x08002971   Thumb Code    54  ssd1306.o(i.SSD1306_DrawPixel)
    SSD1306_DrawRectangle                    0x080029b1   Thumb Code   116  ssd1306.o(i.SSD1306_DrawRectangle)
    SSD1306_Fill                             0x08002a25   Thumb Code    18  ssd1306.o(i.SSD1306_Fill)
    SSD1306_GotoXY                           0x08002a3d   Thumb Code     8  ssd1306.o(i.SSD1306_GotoXY)
    SSD1306_Init                             0x08002a49   Thumb Code   340  ssd1306.o(i.SSD1306_Init)
    SSD1306_Putc                             0x08002ba5   Thumb Code   140  ssd1306.o(i.SSD1306_Putc)
    SSD1306_Puts                             0x08002c35   Thumb Code    40  ssd1306.o(i.SSD1306_Puts)
    SSD1306_UpdateScreen                     0x08002c5d   Thumb Code    66  ssd1306.o(i.SSD1306_UpdateScreen)
    SysTick_Handler                          0x08002ca5   Thumb Code    14  stm32f1xx_it.o(i.SysTick_Handler)
    SystemClock_Config                       0x08002cb3   Thumb Code   104  main.o(i.SystemClock_Config)
    SystemInit                               0x08002d1d   Thumb Code    56  system_stm32f1xx.o(i.SystemInit)
    USART1_IRQHandler                        0x08002fe5   Thumb Code     6  stm32f1xx_it.o(i.USART1_IRQHandler)
    __0printf$8                              0x08002ff1   Thumb Code    22  printf8.o(i.__0printf$8)
    __1printf$8                              0x08002ff1   Thumb Code     0  printf8.o(i.__0printf$8)
    __2printf                                0x08002ff1   Thumb Code     0  printf8.o(i.__0printf$8)
    __scatterload_copy                       0x08003011   Thumb Code    14  handlers.o(i.__scatterload_copy)
    __scatterload_null                       0x0800301f   Thumb Code     2  handlers.o(i.__scatterload_null)
    __scatterload_zeroinit                   0x08003021   Thumb Code    14  handlers.o(i.__scatterload_zeroinit)
    clust2sect                               0x08003501   Thumb Code    24  ff.o(i.clust2sect)
    count_files                              0x08003591   Thumb Code    70  fm.o(i.count_files)
    crc16                                    0x080035dd   Thumb Code    46  fat_sd_spi.o(i.crc16)
    create_files_list                        0x080036c1   Thumb Code   244  fm.o(i.create_files_list)
    disk_initialize                          0x08003ec9   Thumb Code    16  diskio.o(i.disk_initialize)
    disk_ioctl                               0x08003edd   Thumb Code    40  diskio.o(i.disk_ioctl)
    disk_read                                0x08003f09   Thumb Code    46  diskio.o(i.disk_read)
    disk_status                              0x08003f3d   Thumb Code    14  diskio.o(i.disk_status)
    disk_write                               0x08003f51   Thumb Code    46  diskio.o(i.disk_write)
    f_close                                  0x08003f85   Thumb Code    28  ff.o(i.f_close)
    f_closedir                               0x08003fa1   Thumb Code    18  ff.o(i.f_closedir)
    f_mount                                  0x08003fb5   Thumb Code    72  ff.o(i.f_mount)
    f_open                                   0x08004001   Thumb Code   324  ff.o(i.f_open)
    f_opendir                                0x08004149   Thumb Code   100  ff.o(i.f_opendir)
    f_read                                   0x080041b1   Thumb Code   292  ff.o(i.f_read)
    f_readdir                                0x080042d5   Thumb Code    82  ff.o(i.f_readdir)
    f_sync                                   0x0800432d   Thumb Code   120  ff.o(i.f_sync)
    ff_convert                               0x080043a5   Thumb Code    52  ccsbcs.o(i.ff_convert)
    ff_wtoupper                              0x080043dd   Thumb Code    70  ccsbcs.o(i.ff_wtoupper)
    fm_draw                                  0x08004665   Thumb Code    72  fm.o(i.fm_draw)
    fm_handle_file_open                      0x080046d5   Thumb Code    64  fm.o(i.fm_handle_file_open)
    fm_init                                  0x0800471d   Thumb Code    44  fm.o(i.fm_init)
    fm_input                                 0x08004759   Thumb Code     2  fm.o(i.fm_input)
    fputc                                    0x080047c1   Thumb Code    24  printf.o(i.fputc)
    free                                     0x080047dd   Thumb Code    76  malloc.o(i.free)
    get_fat                                  0x080048ad   Thumb Code   190  ff.o(i.get_fat)
    get_fattime                              0x0800496d   Thumb Code    68  diskio.o(i.get_fattime)
    gui_create_list                          0x08004ab1   Thumb Code    88  gui.o(i.gui_create_list)
    gui_create_listItem                      0x08004b09   Thumb Code    32  gui.o(i.gui_create_listItem)
    gui_draw                                 0x08004b29   Thumb Code    30  gui.o(i.gui_draw)
    gui_draw_list                            0x08004b4d   Thumb Code   566  gui.o(i.gui_draw_list)
    gui_draw_message                         0x08004d8d   Thumb Code    52  gui.o(i.gui_draw_message)
    gui_init                                 0x08004dc5   Thumb Code    14  gui.o(i.gui_init)
    gui_input                                0x08004dd9   Thumb Code    40  gui.o(i.gui_input)
    gui_input_list                           0x08004e05   Thumb Code   158  gui.o(i.gui_input_list)
    gui_input_message                        0x08004ea9   Thumb Code    18  gui.o(i.gui_input_message)
    gui_lable                                0x08004ec1   Thumb Code   142  gui.o(i.gui_lable)
    gui_lable_multiline                      0x08004f55   Thumb Code   226  gui.o(i.gui_lable_multiline)
    gui_set_curList                          0x0800503d   Thumb Code     6  gui.o(i.gui_set_curList)
    gui_set_cur_app                          0x08005049   Thumb Code     8  gui.o(i.gui_set_cur_app)
    gui_showMessage                          0x08005055   Thumb Code    18  gui.o(i.gui_showMessage)
    gui_text                                 0x0800506d   Thumb Code    30  gui.o(i.gui_text)
    gui_upd_display                          0x08005091   Thumb Code    16  gui.o(i.gui_upd_display)
    hwif_init                                0x080050a1   Thumb Code    72  fat_sd_spi.o(i.hwif_init)
    keyboard_adc_to_lvl                      0x080050e9   Thumb Code    46  keyboard.o(i.keyboard_adc_to_lvl)
    keyboard_handle                          0x0800511d   Thumb Code    12  keyboard.o(i.keyboard_handle)
    keyboard_init                            0x0800512d   Thumb Code    22  keyboard.o(i.keyboard_init)
    keyboard_lvl_to_key                      0x0800514d   Thumb Code   114  keyboard.o(i.keyboard_lvl_to_key)
    keyboard_setPressHandler                 0x080051c1   Thumb Code     6  keyboard.o(i.keyboard_setPressHandler)
    keyboard_update                          0x080051cd   Thumb Code   110  keyboard.o(i.keyboard_update)
    main                                     0x0800525d   Thumb Code    78  main.o(i.main)
    malloc                                   0x080052c1   Thumb Code    92  malloc.o(i.malloc)
    put_fat                                  0x080053c9   Thumb Code   244  ff.o(i.put_fat)
    sd_read                                  0x08005ba1   Thumb Code    70  fat_sd_spi.o(i.sd_read)
    sd_write                                 0x080061c1   Thumb Code    70  fat_sd_spi.o(i.sd_write)
    ssd1306_I2C_Init                         0x08006365   Thumb Code     8  ssd1306.o(i.ssd1306_I2C_Init)
    ssd1306_I2C_Write                        0x08006371   Thumb Code    28  ssd1306.o(i.ssd1306_I2C_Write)
    ssd1306_I2C_WriteMulti                   0x08006391   Thumb Code    68  ssd1306.o(i.ssd1306_I2C_WriteMulti)
    Font8x7                                  0x08006526   Data        5120  fonts.o(.constdata)
    aAPBAHBPrescTable                        0x080082bd   Data          16  stm32f1xx_hal_rcc.o(.constdata)
    Region$$Table$$Base                      0x08008744   Number         0  anon$$obj.o(Region$$Table)
    Region$$Table$$Limit                     0x08008764   Number         0  anon$$obj.o(Region$$Table)
    Font_8x7                                 0x20000000   Data           8  fonts.o(.data)
    gui_CurList                              0x20000008   Data           4  gui.o(.data)
    GUI_MessageText                          0x2000000c   Data           4  gui.o(.data)
    GUI_curapp_draw                          0x20000010   Data           4  gui.o(.data)
    GUI_curapp_input                         0x20000014   Data           4  gui.o(.data)
    keyboard_lastKey                         0x20000018   Data           1  keyboard.o(.data)
    keyboard_lastLeftLvl                     0x20000019   Data           1  keyboard.o(.data)
    keyboard_lastRightLvl                    0x2000001a   Data           1  keyboard.o(.data)
    keyboard_ADC_values                      0x2000001c   Data           4  keyboard.o(.data)
    keyboard_KeyPressHandler                 0x20000020   Data           4  keyboard.o(.data)
    keyboard_adcLevels                       0x20000024   Data          12  keyboard.o(.data)
    fm_inited                                0x20000098   Data           1  fm.o(.data)
    txt                                      0x2000009c   Data           4  fm.o(.data)
    fm_flist                                 0x200000a0   Data           4  fm.o(.data)
    fm_curfiles                              0x200000a4   Data           4  fm.o(.data)
    uCRCErrorWorkaroundCheck                 0x200000ac   Data           1  stm32f1xx_hal_spi_ex.o(.data)
    __stdout                                 0x200000b0   Data           4  printf.o(.data)
    SystemCoreClock                          0x200000b4   Data           4  system_stm32f1xx.o(.data)
    __microlib_freelist                      0x200000b8   Data           4  mvars.o(.data)
    __microlib_freelist_initialised          0x200000bc   Data           4  mvars.o(.data)
    SD_ff_hw                                 0x200004c0   Data          16  diskio.o(.bss)
    FatFs                                    0x200008d0   Data         560  fm.o(.bss)
    file_buff                                0x20000b00   Data         100  fm.o(.bss)
    hi2c1                                    0x20000b64   Data          60  i2c.o(.bss)
    hspi1                                    0x20000ba0   Data          88  spi.o(.bss)
    hspi2                                    0x20000bf8   Data          88  spi.o(.bss)
    huart1                                   0x20000c50   Data          64  usart.o(.bss)
    hadc1                                    0x20000c90   Data          48  adc.o(.bss)
    hdma_adc1                                0x20000cc0   Data          56  adc.o(.bss)
    __heap_base                              0x20000cf8   Data           0  startup_stm32f103xb.o(HEAP)
    __heap_limit                             0x20003cf8   Data           0  startup_stm32f103xb.o(HEAP)
    __initial_sp                             0x20003ff8   Data           0  startup_stm32f103xb.o(STACK)



==============================================================================

Memory Map of the image

  Image Entry point : 0x080000ed

  Load Region LR_IROM1 (Base: 0x08000000, Size: 0x00008824, Max: 0x00010000, ABSOLUTE)

    Execution Region ER_IROM1 (Base: 0x08000000, Size: 0x00008764, Max: 0x00010000, ABSOLUTE)

    Base Addr    Size         Type   Attr      Idx    E Section Name        Object

    0x08000000   0x000000ec   Data   RO            3    RESET               startup_stm32f103xb.o
    0x080000ec   0x00000000   Code   RO         3531  * .ARM.Collect$$$$00000000  mc_w.l(entry.o)
    0x080000ec   0x00000004   Code   RO         3831    .ARM.Collect$$$$00000001  mc_w.l(entry2.o)
    0x080000f0   0x00000004   Code   RO         3834    .ARM.Collect$$$$00000004  mc_w.l(entry5.o)
    0x080000f4   0x00000000   Code   RO         3836    .ARM.Collect$$$$00000008  mc_w.l(entry7b.o)
    0x080000f4   0x00000000   Code   RO         3838    .ARM.Collect$$$$0000000A  mc_w.l(entry8b.o)
    0x080000f4   0x00000008   Code   RO         3839    .ARM.Collect$$$$0000000B  mc_w.l(entry9a.o)
    0x080000fc   0x00000000   Code   RO         3841    .ARM.Collect$$$$0000000D  mc_w.l(entry10a.o)
    0x080000fc   0x00000000   Code   RO         3843    .ARM.Collect$$$$0000000F  mc_w.l(entry11a.o)
    0x080000fc   0x00000004   Code   RO         3832    .ARM.Collect$$$$00002712  mc_w.l(entry2.o)
    0x08000100   0x00000024   Code   RO            4    .text               startup_stm32f103xb.o
    0x08000124   0x00000020   Code   RO         3534    .text               mc_w.l(llushr.o)
    0x08000144   0x00000024   Code   RO         3536    .text               mc_w.l(memseta.o)
    0x08000168   0x0000000e   Code   RO         3538    .text               mc_w.l(strlen.o)
    0x08000176   0x00000012   Code   RO         3540    .text               mc_w.l(strcpy.o)
    0x08000188   0x00000062   Code   RO         3847    .text               mc_w.l(uldiv.o)
    0x080001ea   0x00000002   PAD
    0x080001ec   0x00000024   Code   RO         3866    .text               mc_w.l(init.o)
    0x08000210   0x0000001e   Code   RO         3868    .text               mc_w.l(llshl.o)
    0x0800022e   0x00000002   PAD
    0x08000230   0x0000004c   Code   RO         2081    i.ADC_ConversionStop_Disable  stm32f1xx_hal_adc.o
    0x0800027c   0x0000004e   Code   RO         2082    i.ADC_DMAConvCplt   stm32f1xx_hal_adc.o
    0x080002ca   0x0000001a   Code   RO         2083    i.ADC_DMAError      stm32f1xx_hal_adc.o
    0x080002e4   0x0000000a   Code   RO         2084    i.ADC_DMAHalfConvCplt  stm32f1xx_hal_adc.o
    0x080002ee   0x00000002   PAD
    0x080002f0   0x00000070   Code   RO         2085    i.ADC_Enable        stm32f1xx_hal_adc.o
    0x08000360   0x0000000c   Code   RO         3220    i.DMA1_Channel1_IRQHandler  stm32f1xx_it.o
    0x0800036c   0x0000001e   Code   RO         1405    i.DMA_SetConfig     stm32f1xx_hal_dma.o
    0x0800038a   0x00000002   PAD
    0x0800038c   0x00000168   Code   RO         2087    i.HAL_ADC_ConfigChannel  stm32f1xx_hal_adc.o
    0x080004f4   0x00000002   Code   RO         2088    i.HAL_ADC_ConvCpltCallback  stm32f1xx_hal_adc.o
    0x080004f6   0x00000002   Code   RO         2089    i.HAL_ADC_ConvHalfCpltCallback  stm32f1xx_hal_adc.o
    0x080004f8   0x00000002   Code   RO         2091    i.HAL_ADC_ErrorCallback  stm32f1xx_hal_adc.o
    0x080004fa   0x00000002   PAD
    0x080004fc   0x00000134   Code   RO         2096    i.HAL_ADC_Init      stm32f1xx_hal_adc.o
    0x08000630   0x0000006c   Code   RO         3456    i.HAL_ADC_MspInit   adc.o
    0x0800069c   0x000000c0   Code   RO         2102    i.HAL_ADC_Start     stm32f1xx_hal_adc.o
    0x0800075c   0x0000010c   Code   RO         2103    i.HAL_ADC_Start_DMA  stm32f1xx_hal_adc.o
    0x08000868   0x0000026c   Code   RO         1410    i.HAL_DMA_IRQHandler  stm32f1xx_hal_dma.o
    0x08000ad4   0x00000050   Code   RO         1411    i.HAL_DMA_Init      stm32f1xx_hal_dma.o
    0x08000b24   0x00000058   Code   RO         1414    i.HAL_DMA_Start_IT  stm32f1xx_hal_dma.o
    0x08000b7c   0x00000016   Code   RO         2499    i.HAL_Delay         stm32f1xx_hal.o
    0x08000b92   0x00000002   PAD
    0x08000b94   0x000001bc   Code   RO         1087    i.HAL_GPIO_Init     stm32f1xx_hal_gpio.o
    0x08000d50   0x0000000a   Code   RO         1091    i.HAL_GPIO_WritePin  stm32f1xx_hal_gpio.o
    0x08000d5a   0x00000002   PAD
    0x08000d5c   0x0000000c   Code   RO         2503    i.HAL_GetTick       stm32f1xx_hal.o
    0x08000d68   0x000000e0   Code   RO         1613    i.HAL_I2C_Init      stm32f1xx_hal_i2c.o
    0x08000e48   0x00000144   Code   RO         1614    i.HAL_I2C_IsDeviceReady  stm32f1xx_hal_i2c.o
    0x08000f8c   0x0000012c   Code   RO         1620    i.HAL_I2C_Master_Transmit  stm32f1xx_hal_i2c.o
    0x080010b8   0x00000044   Code   RO         3179    i.HAL_I2C_MspInit   i2c.o
    0x080010fc   0x00000010   Code   RO         2504    i.HAL_IncTick       stm32f1xx_hal.o
    0x0800110c   0x00000024   Code   RO         2505    i.HAL_Init          stm32f1xx_hal.o
    0x08001130   0x00000022   Code   RO         2506    i.HAL_InitTick      stm32f1xx_hal.o
    0x08001152   0x00000002   PAD
    0x08001154   0x0000002c   Code   RO         3287    i.HAL_MspInit       stm32f1xx_hal_msp.o
    0x08001180   0x00000016   Code   RO         2263    i.HAL_NVIC_EnableIRQ  stm32f1xx_hal_cortex.o
    0x08001196   0x00000002   PAD
    0x08001198   0x00000040   Code   RO         2269    i.HAL_NVIC_SetPriority  stm32f1xx_hal_cortex.o
    0x080011d8   0x00000024   Code   RO         2270    i.HAL_NVIC_SetPriorityGrouping  stm32f1xx_hal_cortex.o
    0x080011fc   0x00000128   Code   RO         1926    i.HAL_RCCEx_PeriphCLKConfig  stm32f1xx_hal_rcc_ex.o
    0x08001324   0x00000288   Code   RO         2627    i.HAL_RCC_ClockConfig  stm32f1xx_hal_rcc.o
    0x080015ac   0x00000034   Code   RO         2632    i.HAL_RCC_GetHCLKFreq  stm32f1xx_hal_rcc.o
    0x080015e0   0x0000002c   Code   RO         2634    i.HAL_RCC_GetPCLK1Freq  stm32f1xx_hal_rcc.o
    0x0800160c   0x0000002c   Code   RO         2635    i.HAL_RCC_GetPCLK2Freq  stm32f1xx_hal_rcc.o
    0x08001638   0x00000088   Code   RO         2636    i.HAL_RCC_GetSysClockFreq  stm32f1xx_hal_rcc.o
    0x080016c0   0x00000632   Code   RO         2639    i.HAL_RCC_OscConfig  stm32f1xx_hal_rcc.o
    0x08001cf2   0x00000002   PAD
    0x08001cf4   0x00000088   Code   RO         2731    i.HAL_SPI_Init      stm32f1xx_hal_spi_ex.o
    0x08001d7c   0x00000090   Code   RO         3366    i.HAL_SPI_MspInit   spi.o
    0x08001e0c   0x000002b2   Code   RO         2884    i.HAL_SPI_TransmitReceive  stm32f1xx_hal_spi.o
    0x080020be   0x00000018   Code   RO         2272    i.HAL_SYSTICK_CLKSourceConfig  stm32f1xx_hal_cortex.o
    0x080020d6   0x00000002   Code   RO         2273    i.HAL_SYSTICK_Callback  stm32f1xx_hal_cortex.o
    0x080020d8   0x00000028   Code   RO         2274    i.HAL_SYSTICK_Config  stm32f1xx_hal_cortex.o
    0x08002100   0x00000008   Code   RO         2275    i.HAL_SYSTICK_IRQHandler  stm32f1xx_hal_cortex.o
    0x08002108   0x00000002   Code   RO         1180    i.HAL_UART_ErrorCallback  stm32f1xx_hal_uart.o
    0x0800210a   0x00000002   PAD
    0x0800210c   0x000000da   Code   RO         1183    i.HAL_UART_IRQHandler  stm32f1xx_hal_uart.o
    0x080021e6   0x0000005e   Code   RO         1184    i.HAL_UART_Init     stm32f1xx_hal_uart.o
    0x08002244   0x00000068   Code   RO         3414    i.HAL_UART_MspInit  usart.o
    0x080022ac   0x00000002   Code   RO         1190    i.HAL_UART_RxCpltCallback  stm32f1xx_hal_uart.o
    0x080022ae   0x00000002   PAD
    0x080022b0   0x000000cc   Code   RO         1192    i.HAL_UART_Transmit  stm32f1xx_hal_uart.o
    0x0800237c   0x00000002   Code   RO         1195    i.HAL_UART_TxCpltCallback  stm32f1xx_hal_uart.o
    0x0800237e   0x0000002a   Code   RO         1648    i.I2C_IsAcknowledgeFailed  stm32f1xx_hal_i2c.o
    0x080023a8   0x00000074   Code   RO         1652    i.I2C_MasterRequestWrite  stm32f1xx_hal_i2c.o
    0x0800241c   0x0000008a   Code   RO         1655    i.I2C_WaitOnFlagUntilTimeout  stm32f1xx_hal_i2c.o
    0x080024a6   0x00000088   Code   RO         1656    i.I2C_WaitOnMasterAddressFlagUntilTimeout  stm32f1xx_hal_i2c.o
    0x0800252e   0x00000050   Code   RO         1659    i.I2C_WaitOnTXEFlagUntilTimeout  stm32f1xx_hal_i2c.o
    0x0800257e   0x00000002   PAD
    0x08002580   0x00000054   Code   RO         3457    i.MX_ADC1_Init      adc.o
    0x080025d4   0x0000002c   Code   RO         3260    i.MX_DMA_Init       dma.o
    0x08002600   0x0000008c   Code   RO         3311    i.MX_GPIO_Init      gpio.o
    0x0800268c   0x00000030   Code   RO         3180    i.MX_I2C1_Init      i2c.o
    0x080026bc   0x00000038   Code   RO         3367    i.MX_SPI1_Init      spi.o
    0x080026f4   0x00000034   Code   RO         3368    i.MX_SPI2_Init      spi.o
    0x08002728   0x00000028   Code   RO         3415    i.MX_USART1_UART_Init  usart.o
    0x08002750   0x00000020   Code   RO         2276    i.NVIC_SetPriority  stm32f1xx_hal_cortex.o
    0x08002770   0x0000009e   Code   RO         2906    i.SPI_WaitOnFlagUntilTimeout  stm32f1xx_hal_spi.o
    0x0800280e   0x00000056   Code   RO          371    i.SSD1306_DrawFilledRectangle  ssd1306.o
    0x08002864   0x0000010a   Code   RO          373    i.SSD1306_DrawLine  ssd1306.o
    0x0800296e   0x00000002   PAD
    0x08002970   0x00000040   Code   RO          374    i.SSD1306_DrawPixel  ssd1306.o
    0x080029b0   0x00000074   Code   RO          375    i.SSD1306_DrawRectangle  ssd1306.o
    0x08002a24   0x00000018   Code   RO          377    i.SSD1306_Fill      ssd1306.o
    0x08002a3c   0x0000000c   Code   RO          378    i.SSD1306_GotoXY    ssd1306.o
    0x08002a48   0x0000015c   Code   RO          379    i.SSD1306_Init      ssd1306.o
    0x08002ba4   0x00000090   Code   RO          382    i.SSD1306_Putc      ssd1306.o
    0x08002c34   0x00000028   Code   RO          383    i.SSD1306_Puts      ssd1306.o
    0x08002c5c   0x00000048   Code   RO          385    i.SSD1306_UpdateScreen  ssd1306.o
    0x08002ca4   0x0000000e   Code   RO         3221    i.SysTick_Handler   stm32f1xx_it.o
    0x08002cb2   0x00000068   Code   RO         3335    i.SystemClock_Config  main.o
    0x08002d1a   0x00000002   PAD
    0x08002d1c   0x00000048   Code   RO         3498    i.SystemInit        system_stm32f1xx.o
    0x08002d64   0x000000a8   Code   RO         1202    i.UART_Receive_IT   stm32f1xx_hal_uart.o
    0x08002e0c   0x000000e0   Code   RO         1203    i.UART_SetConfig    stm32f1xx_hal_uart.o
    0x08002eec   0x00000066   Code   RO         1204    i.UART_Transmit_IT  stm32f1xx_hal_uart.o
    0x08002f52   0x00000092   Code   RO         1205    i.UART_WaitOnFlagUntilTimeout  stm32f1xx_hal_uart.o
    0x08002fe4   0x0000000c   Code   RO         3222    i.USART1_IRQHandler  stm32f1xx_it.o
    0x08002ff0   0x00000020   Code   RO         3749    i.__0printf$8       mc_w.l(printf8.o)
    0x08003010   0x0000000e   Code   RO         3876    i.__scatterload_copy  mc_w.l(handlers.o)
    0x0800301e   0x00000002   Code   RO         3877    i.__scatterload_null  mc_w.l(handlers.o)
    0x08003020   0x0000000e   Code   RO         3878    i.__scatterload_zeroinit  mc_w.l(handlers.o)
    0x0800302e   0x00000002   PAD
    0x08003030   0x00000410   Code   RO         3756    i._printf_core      mc_w.l(printf8.o)
    0x08003440   0x00000024   Code   RO         3757    i._printf_post_padding  mc_w.l(printf8.o)
    0x08003464   0x0000002e   Code   RO         3758    i._printf_pre_padding  mc_w.l(printf8.o)
    0x08003492   0x00000002   PAD
    0x08003494   0x0000005c   Code   RO          741    i.check_fs          ff.o
    0x080034f0   0x00000010   Code   RO          742    i.chk_chr           ff.o
    0x08003500   0x00000018   Code   RO          743    i.clust2sect        ff.o
    0x08003518   0x00000078   Code   RO          744    i.cmp_lfn           ff.o
    0x08003590   0x0000004c   Code   RO         1016    i.count_files       fm.o
    0x080035dc   0x0000002e   Code   RO          608    i.crc16             fat_sd_spi.o
    0x0800360a   0x00000018   Code   RO          610    i.crc7_one          fat_sd_spi.o
    0x08003622   0x0000009e   Code   RO          745    i.create_chain      ff.o
    0x080036c0   0x00000130   Code   RO         1017    i.create_files_list  fm.o
    0x080037f0   0x00000204   Code   RO          746    i.create_name       ff.o
    0x080039f4   0x000000c4   Code   RO          747    i.dir_find          ff.o
    0x08003ab8   0x000000e6   Code   RO          748    i.dir_next          ff.o
    0x08003b9e   0x00000002   PAD
    0x08003ba0   0x00000100   Code   RO          749    i.dir_read          ff.o
    0x08003ca0   0x000001a8   Code   RO          750    i.dir_register      ff.o
    0x08003e48   0x0000007e   Code   RO          752    i.dir_sdi           ff.o
    0x08003ec6   0x00000002   PAD
    0x08003ec8   0x00000014   Code   RO          537    i.disk_initialize   diskio.o
    0x08003edc   0x0000002c   Code   RO          538    i.disk_ioctl        diskio.o
    0x08003f08   0x00000034   Code   RO          539    i.disk_read         diskio.o
    0x08003f3c   0x00000014   Code   RO          540    i.disk_status       diskio.o
    0x08003f50   0x00000034   Code   RO          541    i.disk_write        diskio.o
    0x08003f84   0x0000001c   Code   RO          754    i.f_close           ff.o
    0x08003fa0   0x00000012   Code   RO          755    i.f_closedir        ff.o
    0x08003fb2   0x00000002   PAD
    0x08003fb4   0x0000004c   Code   RO          759    i.f_mount           ff.o
    0x08004000   0x00000148   Code   RO          760    i.f_open            ff.o
    0x08004148   0x00000068   Code   RO          761    i.f_opendir         ff.o
    0x080041b0   0x00000124   Code   RO          762    i.f_read            ff.o
    0x080042d4   0x00000058   Code   RO          763    i.f_readdir         ff.o
    0x0800432c   0x00000078   Code   RO          766    i.f_sync            ff.o
    0x080043a4   0x00000038   Code   RO          505    i.ff_convert        ccsbcs.o
    0x080043dc   0x00000050   Code   RO          506    i.ff_wtoupper       ccsbcs.o
    0x0800442c   0x00000238   Code   RO          771    i.find_volume       ff.o
    0x08004664   0x00000070   Code   RO         1018    i.fm_draw           fm.o
    0x080046d4   0x00000048   Code   RO         1019    i.fm_handle_file_open  fm.o
    0x0800471c   0x0000003c   Code   RO         1020    i.fm_init           fm.o
    0x08004758   0x00000002   Code   RO         1021    i.fm_input          fm.o
    0x0800475a   0x00000066   Code   RO          772    i.follow_path       ff.o
    0x080047c0   0x0000001c   Code   RO         3116    i.fputc             printf.o
    0x080047dc   0x00000050   Code   RO         3803    i.free              mc_w.l(malloc.o)
    0x0800482c   0x00000080   Code   RO          773    i.gen_numname       ff.o
    0x080048ac   0x000000be   Code   RO          774    i.get_fat           ff.o
    0x0800496a   0x00000002   PAD
    0x0800496c   0x0000004c   Code   RO          542    i.get_fattime       diskio.o
    0x080049b8   0x000000ba   Code   RO          775    i.get_fileinfo      ff.o
    0x08004a72   0x0000003c   Code   RO          776    i.get_ldnumber      ff.o
    0x08004aae   0x00000002   PAD
    0x08004ab0   0x00000058   Code   RO          138    i.gui_create_list   gui.o
    0x08004b08   0x00000020   Code   RO          139    i.gui_create_listItem  gui.o
    0x08004b28   0x00000024   Code   RO          140    i.gui_draw          gui.o
    0x08004b4c   0x00000240   Code   RO          141    i.gui_draw_list     gui.o
    0x08004d8c   0x00000038   Code   RO          142    i.gui_draw_message  gui.o
    0x08004dc4   0x00000014   Code   RO          143    i.gui_init          gui.o
    0x08004dd8   0x0000002c   Code   RO          144    i.gui_input         gui.o
    0x08004e04   0x000000a4   Code   RO          145    i.gui_input_list    gui.o
    0x08004ea8   0x00000018   Code   RO          146    i.gui_input_message  gui.o
    0x08004ec0   0x00000094   Code   RO          147    i.gui_lable         gui.o
    0x08004f54   0x000000e8   Code   RO          148    i.gui_lable_multiline  gui.o
    0x0800503c   0x0000000c   Code   RO          152    i.gui_set_curList   gui.o
    0x08005048   0x0000000c   Code   RO          153    i.gui_set_cur_app   gui.o
    0x08005054   0x00000018   Code   RO          154    i.gui_showMessage   gui.o
    0x0800506c   0x00000024   Code   RO          155    i.gui_text          gui.o
    0x08005090   0x00000010   Code   RO          158    i.gui_upd_display   gui.o
    0x080050a0   0x00000048   Code   RO          611    i.hwif_init         fat_sd_spi.o
    0x080050e8   0x00000034   Code   RO          299    i.keyboard_adc_to_lvl  keyboard.o
    0x0800511c   0x00000010   Code   RO          300    i.keyboard_handle   keyboard.o
    0x0800512c   0x00000020   Code   RO          301    i.keyboard_init     keyboard.o
    0x0800514c   0x00000072   Code   RO          303    i.keyboard_lvl_to_key  keyboard.o
    0x080051be   0x00000002   PAD
    0x080051c0   0x0000000c   Code   RO          304    i.keyboard_setPressHandler  keyboard.o
    0x080051cc   0x0000007c   Code   RO          305    i.keyboard_update   keyboard.o
    0x08005248   0x00000012   Code   RO          777    i.ld_clust          ff.o
    0x0800525a   0x00000002   PAD
    0x0800525c   0x00000064   Code   RO         3336    i.main              main.o
    0x080052c0   0x0000006c   Code   RO         3804    i.malloc            mc_w.l(malloc.o)
    0x0800532c   0x00000012   Code   RO          778    i.mem_cpy           ff.o
    0x0800533e   0x0000000e   Code   RO          779    i.mem_set           ff.o
    0x0800534c   0x00000032   Code   RO          780    i.move_window       ff.o
    0x0800537e   0x00000002   PAD
    0x08005380   0x00000048   Code   RO          612    i.print_r1          fat_sd_spi.o
    0x080053c8   0x000000f4   Code   RO          781    i.put_fat           ff.o
    0x080054bc   0x00000062   Code   RO          782    i.remove_chain      ff.o
    0x0800551e   0x0000006e   Code   RO          613    i.sd_cmd            fat_sd_spi.o
    0x0800558c   0x00000098   Code   RO          614    i.sd_get_data       fat_sd_spi.o
    0x08005624   0x0000001a   Code   RO          615    i.sd_get_r1         fat_sd_spi.o
    0x0800563e   0x00000036   Code   RO          616    i.sd_get_r7         fat_sd_spi.o
    0x08005674   0x0000048c   Code   RO          617    i.sd_init           fat_sd_spi.o
    0x08005b00   0x00000012   Code   RO          618    i.sd_nec            fat_sd_spi.o
    0x08005b12   0x00000002   PAD
    0x08005b14   0x0000008c   Code   RO          619    i.sd_put_data       fat_sd_spi.o
    0x08005ba0   0x0000006c   Code   RO          620    i.sd_read           fat_sd_spi.o
    0x08005c0c   0x0000011c   Code   RO          621    i.sd_read_cid       fat_sd_spi.o
    0x08005d28   0x00000324   Code   RO          622    i.sd_read_csd       fat_sd_spi.o
    0x0800604c   0x000000a4   Code   RO          623    i.sd_read_status    fat_sd_spi.o
    0x080060f0   0x000000d0   Code   RO          624    i.sd_readsector     fat_sd_spi.o
    0x080061c0   0x0000006c   Code   RO          625    i.sd_write          fat_sd_spi.o
    0x0800622c   0x000000f8   Code   RO          626    i.sd_writesector    fat_sd_spi.o
    0x08006324   0x00000018   Code   RO          627    i.spi_set_speed     fat_sd_spi.o
    0x0800633c   0x00000028   Code   RO          628    i.spi_txrx          fat_sd_spi.o
    0x08006364   0x0000000c   Code   RO          386    i.ssd1306_I2C_Init  ssd1306.o
    0x08006370   0x00000020   Code   RO          387    i.ssd1306_I2C_Write  ssd1306.o
    0x08006390   0x00000048   Code   RO          388    i.ssd1306_I2C_WriteMulti  ssd1306.o
    0x080063d8   0x00000010   Code   RO          783    i.st_clust          ff.o
    0x080063e8   0x0000001a   Code   RO          784    i.sum_sfn           ff.o
    0x08006402   0x000000b0   Code   RO          785    i.sync_fs           ff.o
    0x080064b2   0x00000052   Code   RO          786    i.sync_window       ff.o
    0x08006504   0x00000022   Code   RO          787    i.validate          ff.o
    0x08006526   0x00001400   Data   RO           14    .constdata          fonts.o
    0x08007926   0x000008b8   Data   RO          507    .constdata          ccsbcs.o
    0x080081de   0x00000052   Data   RO          629    .constdata          fat_sd_spi.o
    0x08008230   0x0000008d   Data   RO          789    .constdata          ff.o
    0x080082bd   0x00000010   Data   RO         2640    .constdata          stm32f1xx_hal_rcc.o
    0x080082cd   0x00000003   PAD
    0x080082d0   0x00000474   Data   RO          630    .conststring        fat_sd_spi.o
    0x08008744   0x00000020   Data   RO         3874    Region$$Table       anon$$obj.o


    Execution Region RW_IRAM1 (Base: 0x20000000, Size: 0x00003ff8, Max: 0x00005000, ABSOLUTE)

    Base Addr    Size         Type   Attr      Idx    E Section Name        Object

    0x20000000   0x00000008   Data   RW           15    .data               fonts.o
    0x20000008   0x00000010   Data   RW          159    .data               gui.o
    0x20000018   0x00000018   Data   RW          306    .data               keyboard.o
    0x20000030   0x00000006   Data   RW          390    .data               ssd1306.o
    0x20000036   0x00000002   PAD
    0x20000038   0x00000058   Data   RW          631    .data               fat_sd_spi.o
    0x20000090   0x00000008   Data   RW          790    .data               ff.o
    0x20000098   0x00000010   Data   RW         1023    .data               fm.o
    0x200000a8   0x00000004   Data   RW         2511    .data               stm32f1xx_hal.o
    0x200000ac   0x00000001   Data   RW         2733    .data               stm32f1xx_hal_spi_ex.o
    0x200000ad   0x00000003   PAD
    0x200000b0   0x00000004   Data   RW         3117    .data               printf.o
    0x200000b4   0x00000004   Data   RW         3500    .data               system_stm32f1xx.o
    0x200000b8   0x00000004   Data   RW         3853    .data               mc_w.l(mvars.o)
    0x200000bc   0x00000004   Data   RW         3854    .data               mc_w.l(mvars.o)
    0x200000c0   0x00000400   Zero   RW          389    .bss                ssd1306.o
    0x200004c0   0x00000010   Zero   RW          543    .bss                diskio.o
    0x200004d0   0x00000200   Zero   RW          788    .bss                ff.o
    0x200006d0   0x00000494   Zero   RW         1022    .bss                fm.o
    0x20000b64   0x0000003c   Zero   RW         3181    .bss                i2c.o
    0x20000ba0   0x000000b0   Zero   RW         3369    .bss                spi.o
    0x20000c50   0x00000040   Zero   RW         3416    .bss                usart.o
    0x20000c90   0x00000068   Zero   RW         3458    .bss                adc.o
    0x20000cf8   0x00003000   Zero   RW            2    HEAP                startup_stm32f103xb.o
    0x20003cf8   0x00000300   Zero   RW            1    STACK               startup_stm32f103xb.o


==============================================================================

Image component sizes


      Code (inc. data)   RO Data    RW Data    ZI Data      Debug   Object Name

       192         28          0          0        104       1555   adc.o
       136         14       2232          0          0       4839   ccsbcs.o
       264         34          0          0         16       5440   diskio.o
        44          4          0          0          0        690   dma.o
      3866        720       1222         88          0      15370   fat_sd_spi.o
      5222         82        141          8        512      31725   ff.o
       626        130          0         16       1172       7626   fm.o
         0          0       5120          8          0     257103   fonts.o
       140         12          0          0          0        847   gpio.o
      1520         76          0         16          0      12201   gui.o
       116         28          0          0         60       1397   i2c.o
       350         40          0         24          0       4005   keyboard.o
       204         22          0          0          0       1052   main.o
        28          4          0          4          0       2294   printf.o
       252         40          0          0        176       1950   spi.o
      1288         50          0          6       1024       9221   ssd1306.o
        36          8        236          0      13056        780   startup_stm32f103xb.o
       120         16          0          4          0       3450   stm32f1xx_hal.o
      1436         60          0          0          0       9070   stm32f1xx_hal_adc.o
       228         14          0          0          0      27189   stm32f1xx_hal_cortex.o
       818          4          0          0          0       3503   stm32f1xx_hal_dma.o
       454         36          0          0          0       2984   stm32f1xx_hal_gpio.o
      1360         22          0          0          0       8665   stm32f1xx_hal_i2c.o
        44          4          0          0          0        782   stm32f1xx_hal_msp.o
      2510         86         16          0          0       5996   stm32f1xx_hal_rcc.o
       296         14          0          0          0       1300   stm32f1xx_hal_rcc_ex.o
       848          0          0          0          0       2878   stm32f1xx_hal_spi.o
       136          4          0          1          0       1290   stm32f1xx_hal_spi_ex.o
      1162          4          0          0          0       7643   stm32f1xx_hal_uart.o
        38         12          0          0          0       1257   stm32f1xx_it.o
        72         16          0          4          0       1265   system_stm32f1xx.o
       144         20          0          0         64       1454   usart.o

    ----------------------------------------------------------------------
     23994       1604       9002        184      16184     436821   Object Totals
         0          0         32          0          0          0   (incl. Generated)
        44          0          3          5          0          0   (incl. Padding)

    ----------------------------------------------------------------------

      Code (inc. data)   RO Data    RW Data    ZI Data      Debug   Library Member Name

         0          0          0          0          0          0   entry.o
         0          0          0          0          0          0   entry10a.o
         0          0          0          0          0          0   entry11a.o
         8          4          0          0          0          0   entry2.o
         4          0          0          0          0          0   entry5.o
         0          0          0          0          0          0   entry7b.o
         0          0          0          0          0          0   entry8b.o
         8          4          0          0          0          0   entry9a.o
        30          0          0          0          0          0   handlers.o
        36          8          0          0          0         68   init.o
        30          0          0          0          0         68   llshl.o
        32          0          0          0          0         68   llushr.o
       188         20          0          0          0        160   malloc.o
        36          0          0          0          0        108   memseta.o
         0          0          0          8          0          0   mvars.o
      1154         54          0          0          0        352   printf8.o
        18          0          0          0          0         68   strcpy.o
        14          0          0          0          0         68   strlen.o
        98          0          0          0          0         92   uldiv.o

    ----------------------------------------------------------------------
      1664         90          0          8          0       1052   Library Totals
         8          0          0          0          0          0   (incl. Padding)

    ----------------------------------------------------------------------

      Code (inc. data)   RO Data    RW Data    ZI Data      Debug   Library Name

      1656         90          0          8          0       1052   mc_w.l

    ----------------------------------------------------------------------
      1664         90          0          8          0       1052   Library Totals

    ----------------------------------------------------------------------

==============================================================================


      Code (inc. data)   RO Data    RW Data    ZI Data      Debug   

     25658       1694       9002        192      16184     428145   Grand Totals
     25658       1694       9002        192      16184     428145   ELF Image Totals
     25658       1694       9002        192          0          0   ROM Totals

==============================================================================

    Total RO  Size (Code + RO Data)                34660 (  33.85kB)
    Total RW  Size (RW Data + ZI Data)             16376 (  15.99kB)
    Total ROM Size (Code + RO Data + RW Data)      34852 (  34.04kB)

==============================================================================

