<html>
<body>
<pre>
<h1>µVision Build Log</h1>
<h2>Tool Versions:</h2>
IDE-Version: µVision V5.18.0.0
Copyright (C) 2016 ARM Ltd and ARM Germany GmbH. All rights reserved.
License Information: ‚˚‡ ‚˚Ù‡, ˚Ù‚‡˚‚, LIC=IC9QD-8ACGH-D1UPR-KR4VI-97MGU-S5R4D
 
Tool Versions:
Toolchain:       MDK-ARM Professional  Version: 5.18
Toolchain Path:  C:\Keil_v5\ARM\ARMCC\Bin
C Compiler:      Armcc.exe V5.06 update 1 (build 61)
Assembler:       Armasm.exe V5.06 update 1 (build 61)
Linker/Locator:  ArmLink.exe V5.06 update 1 (build 61)
Library Manager: ArmAr.exe V5.06 update 1 (build 61)
Hex Converter:   FromElf.exe V5.06 update 1 (build 61)
CPU DLL:         SARMCM3.DLL V5.18
Dialog DLL:      DCM.DLL V1.13.6.0
Target DLL:      STLink\ST-LINKIII-KEIL_SWO.dll V2.0.18.0
Dialog DLL:      TCM.DLL V1.14.8.0
 
<h2>Project:</h2>
E:\stm32\oled_sd_file_manager\MDK-ARM\oled_sd_file_manager.uvprojx
Project File Date:  03/17/2016

<h2>Output:</h2>
*** Using Compiler 'V5.06 update 1 (build 61)', folder: 'C:\Keil_v5\ARM\ARMCC\Bin'
Build target 'oled_sd_file_manager'
compiling fonts.c...
compiling gui.c...
..\OLED\Inc\gui.h(187): warning:  #1295-D: Deprecated declaration gui_draw_message - give arg types
  uint8_t gui_draw_message();
..\OLED\Inc\gui.h(188): warning:  #1295-D: Deprecated declaration gui_input_message - give arg types
  uint8_t gui_input_message();
..\OLED\Src\gui.c(165): warning:  #940-D: missing return statement at end of non-void function "gui_create_listItem"
  }
..\OLED\Src\gui.c(241): warning:  #940-D: missing return statement at end of non-void function "gui_draw_list"
  }
..\OLED\Src\gui.c: 4 warnings, 0 errors
compiling ssd1306.c...
compiling fm.c...
..\OLED\Inc\gui.h(187): warning:  #1295-D: Deprecated declaration gui_draw_message - give arg types
  uint8_t gui_draw_message();
..\OLED\Inc\gui.h(188): warning:  #1295-D: Deprecated declaration gui_input_message - give arg types
  uint8_t gui_input_message();
../Inc/fm.h(5): warning:  #1295-D: Deprecated declaration fm_init - give arg types
  void fm_init();
../Inc/fm.h(7): warning:  #1295-D: Deprecated declaration fm_draw - give arg types
  void fm_draw();
../Inc/fm.h(11): warning:  #1-D: last line of file ends without a newline
  void create_files_list();
../Inc/fm.h(11): warning:  #1295-D: Deprecated declaration create_files_list - give arg types
  void create_files_list();
..\Src\fm.c(41): warning:  #940-D: missing return statement at end of non-void function "fm_input"
  }
..\Src\fm.c(94): warning:  #550-D: variable "i" was set but never used
    int i;
..\Src\fm.c: 8 warnings, 0 errors
compiling main.c...
..\OLED\Inc\gui.h(187): warning:  #1295-D: Deprecated declaration gui_draw_message - give arg types
  uint8_t gui_draw_message();
..\OLED\Inc\gui.h(188): warning:  #1295-D: Deprecated declaration gui_input_message - give arg types
  uint8_t gui_input_message();
../Inc/fm.h(5): warning:  #1295-D: Deprecated declaration fm_init - give arg types
  void fm_init();
../Inc/fm.h(7): warning:  #1295-D: Deprecated declaration fm_draw - give arg types
  void fm_draw();
../Inc/fm.h(11): warning:  #1-D: last line of file ends without a newline
  void create_files_list();
../Inc/fm.h(11): warning:  #1295-D: Deprecated declaration create_files_list - give arg types
  void create_files_list();
../Src/main.c(188): warning:  #1-D: last line of file ends without a newline
  /************************ (C) COPYRIGHT STMicroelectronics *****END OF FILE****/
../Src/main.c: 7 warnings, 0 errors
linking...
Program Size: Code=25654 RO-data=6442 RW-data=192 ZI-data=16184  
"oled_sd_file_manager\oled_sd_file_manager.axf" - 0 Error(s), 19 Warning(s).

<h2>Software Packages used:</h2>

Package Vendor: ARM
                http://www.keil.com/pack/ARM.CMSIS.4.5.0.pack
                ARM::CMSIS:CORE:4.3.0
                CMSIS (Cortex Microcontroller Software Interface Standard)
   * Component: CORE Version: 4.3.0

<h2>Collection of Component include folders:</h2>
  E:\stm32\oled_sd_file_manager\MDK-ARM\RTE
  C:\Keil_v5\ARM\PACK\ARM\CMSIS\4.5.0\CMSIS\Include
  C:\Keil_v5\ARM\PACK\Keil\STM32F1xx_DFP\2.0.0\Device\Include

<h2>Collection of Component Files used:</h2>

   * Component: ARM::CMSIS:CORE:4.3.0
Build Time Elapsed:  00:00:02
</pre>
</body>
</html>
